Archive member included to satisfy reference by file (symbol)

app/libapp.a(main.c.obj)      (--whole-archive)
zephyr/libzephyr.a(validate_libc.c.obj)
                              (--whole-archive)
zephyr/libzephyr.a(heap.c.obj)
                              (--whole-archive)
zephyr/libzephyr.a(cbprintf_packaged.c.obj)
                              (--whole-archive)
zephyr/libzephyr.a(clock.c.obj)
                              (--whole-archive)
zephyr/libzephyr.a(printk.c.obj)
                              (--whole-archive)
zephyr/libzephyr.a(sem.c.obj)
                              (--whole-archive)
zephyr/libzephyr.a(thread_entry.c.obj)
                              (--whole-archive)
zephyr/libzephyr.a(cbprintf_complete.c.obj)
                              (--whole-archive)
zephyr/libzephyr.a(assert.c.obj)
                              (--whole-archive)
zephyr/libzephyr.a(dec.c.obj)
                              (--whole-archive)
zephyr/libzephyr.a(hex.c.obj)
                              (--whole-archive)
zephyr/libzephyr.a(rb.c.obj)  (--whole-archive)
zephyr/libzephyr.a(timeutil.c.obj)
                              (--whole-archive)
zephyr/libzephyr.a(bitarray.c.obj)
                              (--whole-archive)
zephyr/libzephyr.a(bitmask.c.obj)
                              (--whole-archive)
zephyr/libzephyr.a(ring_buffer.c.obj)
                              (--whole-archive)
zephyr/libzephyr.a(last_section_id.c.obj)
                              (--whole-archive)
zephyr/libzephyr.a(configs.c.obj)
                              (--whole-archive)
zephyr/libzephyr.a(stm32cube_hal.c.obj)
                              (--whole-archive)
zephyr/libzephyr.a(soc_config.c.obj)
                              (--whole-archive)
zephyr/libzephyr.a(stm32_backup_domain.c.obj)
                              (--whole-archive)
zephyr/libzephyr.a(soc.c.obj)
                              (--whole-archive)
zephyr/libzephyr.a(thread_info.c.obj)
                              (--whole-archive)
zephyr/libzephyr.a(mem_attr.c.obj)
                              (--whole-archive)
zephyr/libzephyr.a(tracing_none.c.obj)
                              (--whole-archive)
zephyr/arch/common/libarch__common.a(sw_isr_common.c.obj)
                              (--whole-archive)
zephyr/arch/common/libarch__common.a(init.c.obj)
                              (--whole-archive)
zephyr/arch/common/libarch__common.a(xip.c.obj)
                              (--whole-archive)
zephyr/arch/arch/arm/core/libarch__arm__core.a(fatal.c.obj)
                              (--whole-archive)
zephyr/arch/arch/arm/core/libarch__arm__core.a(nmi.c.obj)
                              (--whole-archive)
zephyr/arch/arch/arm/core/libarch__arm__core.a(nmi_on_reset.S.obj)
                              (--whole-archive)
zephyr/arch/arch/arm/core/libarch__arm__core.a(tls.c.obj)
                              (--whole-archive)
zephyr/arch/arch/arm/core/cortex_m/libarch__arm__core__cortex_m.a(exc_exit.c.obj)
                              (--whole-archive)
zephyr/arch/arch/arm/core/cortex_m/libarch__arm__core__cortex_m.a(fault.c.obj)
                              (--whole-archive)
zephyr/arch/arch/arm/core/cortex_m/libarch__arm__core__cortex_m.a(fault_s.S.obj)
                              (--whole-archive)
zephyr/arch/arch/arm/core/cortex_m/libarch__arm__core__cortex_m.a(fpu.c.obj)
                              (--whole-archive)
zephyr/arch/arch/arm/core/cortex_m/libarch__arm__core__cortex_m.a(reset.S.obj)
                              (--whole-archive)
zephyr/arch/arch/arm/core/cortex_m/libarch__arm__core__cortex_m.a(scb.c.obj)
                              (--whole-archive)
zephyr/arch/arch/arm/core/cortex_m/libarch__arm__core__cortex_m.a(thread_abort.c.obj)
                              (--whole-archive)
zephyr/arch/arch/arm/core/cortex_m/libarch__arm__core__cortex_m.a(vector_table.S.obj)
                              (--whole-archive)
zephyr/arch/arch/arm/core/cortex_m/libarch__arm__core__cortex_m.a(swap_helper.S.obj)
                              (--whole-archive)
zephyr/arch/arch/arm/core/cortex_m/libarch__arm__core__cortex_m.a(irq_manage.c.obj)
                              (--whole-archive)
zephyr/arch/arch/arm/core/cortex_m/libarch__arm__core__cortex_m.a(prep_c.c.obj)
                              (--whole-archive)
zephyr/arch/arch/arm/core/cortex_m/libarch__arm__core__cortex_m.a(thread.c.obj)
                              (--whole-archive)
zephyr/arch/arch/arm/core/cortex_m/libarch__arm__core__cortex_m.a(cpu_idle.c.obj)
                              (--whole-archive)
zephyr/arch/arch/arm/core/cortex_m/libarch__arm__core__cortex_m.a(irq_init.c.obj)
                              (--whole-archive)
zephyr/arch/arch/arm/core/cortex_m/libarch__arm__core__cortex_m.a(isr_wrapper.c.obj)
                              (--whole-archive)
zephyr/arch/arch/arm/core/cortex_m/libarch__arm__core__cortex_m.a(__aeabi_read_tp.S.obj)
                              (--whole-archive)
[...]
Memory Configuration

Name             Origin             Length             Attributes
FLASH            0x0000000008000000 0x0000000000080000 xr
RAM              0x0000000020000000 0x0000000000018000 xw
SRAM0            0x0000000020000000 0x0000000000018000 rw
SRAM1            0x0000000010000000 0x0000000000008000 rw
IDT_LIST         0x00000000ffff7fff 0x0000000000008000 xw
*default*        0x0000000000000000 0xffffffffffffffff

Linker script and memory map

                0x0000000008002f2c                vfprintf = __l_vfprintf
                0x0000000000000000                vfscanf = __l_vfscanf
LOAD zephyr/CMakeFiles/zephyr_final.dir/misc/empty_file.c.obj
LOAD zephyr/CMakeFiles/zephyr_final.dir/isr_tables.c.obj
LOAD zephyr/CMakeFiles/offsets.dir/./arch/arm/core/offsets/offsets.c.obj
LOAD app/libapp.a
LOAD zephyr/libzephyr.a
LOAD zephyr/arch/common/libarch__common.a
LOAD zephyr/arch/arch/arm/core/libarch__arm__core.a
LOAD zephyr/arch/arch/arm/core/cortex_m/libarch__arm__core__cortex_m.a
LOAD zephyr/arch/arch/arm/core/mpu/libarch__arm__core__mpu.a
LOAD zephyr/lib/libc/picolibc/liblib__libc__picolibc.a
LOAD zephyr/lib/libc/common/liblib__libc__common.a
LOAD zephyr/lib/posix/c_lib_ext/liblib__posix__c_lib_ext.a
LOAD zephyr/drivers/interrupt_controller/libdrivers__interrupt_controller.a
LOAD zephyr/drivers/clock_control/libdrivers__clock_control.a
LOAD zephyr/drivers/console/libdrivers__console.a
LOAD zephyr/drivers/gpio/libdrivers__gpio.a
LOAD zephyr/drivers/pinctrl/libdrivers__pinctrl.a
LOAD zephyr/drivers/reset/libdrivers__reset.a
LOAD zephyr/drivers/serial/libdrivers__serial.a
LOAD zephyr/drivers/timer/libdrivers__timer.a
LOAD modules/custom_app/drivers/blink/lib..__..__custom_app__drivers__blink.a
LOAD modules/custom_app/drivers/sensor/example_sensor/lib..__..__custom_app__drivers__sensor__example_sensor.a
LOAD modules/hal_stm32/stm32cube/lib..__modules__hal__stm32__stm32cube.a
LOAD zephyr/kernel/libkernel.a
LOAD zephyr/arch/common/libisr_tables.a
LOAD /Users/wangbo/.zephyr_ide/toolchains/zephyr-sdk-0.17.4/arm-zephyr-eabi/bin/../lib/gcc/../../picolibc/arm-zephyr-eabi/lib/thumb/v7e-m/nofp/libc.a
LOAD /Users/wangbo/.zephyr_ide/toolchains/zephyr-sdk-0.17.4/arm-zephyr-eabi/bin/../lib/gcc/arm-zephyr-eabi/12.2.0/thumb/v7e-m/nofp/libgcc.a
                0x0000000000000020                _region_min_align = 0x20

.rel.plt        0x0000000008000000        0x0
 *(SORT_BY_ALIGNMENT(.rel.plt))
                [!provide]                        PROVIDE (__rel_iplt_start = .)
 *(SORT_BY_ALIGNMENT(.rel.iplt))
 .rel.iplt      0x0000000008000000        0x0 zephyr/CMakeFiles/zephyr_final.dir/isr_tables.c.obj
                [!provide]                        PROVIDE (__rel_iplt_end = .)

.rela.plt       0x0000000000000000        0x0
 *(SORT_BY_ALIGNMENT(.rela.plt))
                [!provide]                        PROVIDE (__rela_iplt_start = .)
 *(SORT_BY_ALIGNMENT(.rela.iplt))
                [!provide]                        PROVIDE (__rela_iplt_end = .)

.rel.dyn
 *(SORT_BY_ALIGNMENT(.rel.*))

.rela.dyn
 *(SORT_BY_ALIGNMENT(.rela.*))

/DISCARD/
 *(SORT_BY_ALIGNMENT(.plt))

/DISCARD/
 *(SORT_BY_ALIGNMENT(.iplt))
                0x0000000008000000                __rom_region_start = 0x8000000

rom_start       0x0000000008000000      0x188
                0x0000000008000000                __rom_start_address = .
 FILL mask 0x00
                0x0000000008000000                . = (. + (0x0 - (. - __rom_start_address)))
                0x0000000008000000                . = ALIGN (0x4)
                0x0000000008000000                . = ALIGN (0x80)
                0x0000000008000000                . = ALIGN (0x200)
                0x0000000008000000                _vector_start = .
 *(SORT_BY_ALIGNMENT(.exc_vector_table))
 *(SORT_BY_ALIGNMENT(.exc_vector_table.*))
 .exc_vector_table._vector_table_section
                0x0000000008000000       0x40 zephyr/arch/arch/arm/core/cortex_m/libarch__arm__core__cortex_m.a(vector_table.S.obj)
                0x0000000008000000                _vector_table
 *(SORT_BY_ALIGNMENT(.vectors))
                0x0000000008000188                _vector_end = .
                0x0000000008000040                . = ALIGN (0x4)
 *(SORT_BY_ALIGNMENT(.gnu.linkonce.irq_vector_table*))
 .gnu.linkonce.irq_vector_table
                0x0000000008000040      0x148 zephyr/CMakeFiles/zephyr_final.dir/isr_tables.c.obj
                0x0000000008000040                _irq_vector_table
                0x0000000008000188                _vector_end = .

text            0x0000000008000188     0x4b00
                0x0000000008000188                __text_region_start = .
 *(SORT_BY_ALIGNMENT(.text))
 *(SORT_BY_ALIGNMENT(.text.*))
 .text.main     0x0000000008000188       0xbc app/libapp.a(main.c.obj)
                0x0000000008000188                main
 .text.char_out
                0x0000000008000244       0x10 zephyr/libzephyr.a(printk.c.obj)
 .text.__printk_hook_install
                0x0000000008000254        0xc zephyr/libzephyr.a(printk.c.obj)
                0x0000000008000254                __printk_hook_install
 .text.vprintk  0x0000000008000260       0x2c zephyr/libzephyr.a(printk.c.obj)
                0x0000000008000260                vprintk
 .text.z_thread_entry
                0x000000000800028c       0x34 zephyr/libzephyr.a(thread_entry.c.obj)
                0x000000000800028c                z_thread_entry
 .text.st_stm32_common_config
                0x00000000080002c0       0x14 zephyr/libzephyr.a(soc_config.c.obj)
 .text.stm32_backup_domain_enable_access
                0x00000000080002d4       0x4c zephyr/libzephyr.a(stm32_backup_domain.c.obj)
                0x00000000080002d4                stm32_backup_domain_enable_access
 .text.stm32_backup_domain_disable_access
                0x0000000008000320       0x64 zephyr/libzephyr.a(stm32_backup_domain.c.obj)
                0x0000000008000320                stm32_backup_domain_disable_access
 .text.soc_early_init_hook
                0x0000000008000384       0x30 zephyr/libzephyr.a(soc.c.obj)
                0x0000000008000384                soc_early_init_hook
 .text.mem_attr_get_regions
                0x00000000080003b4        0xc zephyr/libzephyr.a(mem_attr.c.obj)
                0x00000000080003b4                mem_attr_get_regions
 .text.arch_bss_zero
                0x00000000080003c0       0x18 zephyr/arch/common/libarch__common.a(init.c.obj)
                0x00000000080003c0                arch_bss_zero
 .text.arch_data_copy
                0x00000000080003d8       0x34 zephyr/arch/common/libarch__common.a(xip.c.obj)
                0x00000000080003d8                arch_data_copy
 .text.esf_dump
                0x000000000800040c       0x40 zephyr/arch/arch/arm/core/libarch__arm__core.a(fatal.c.obj)
 .text.z_arm_fatal_error
                0x000000000800044c       0x30 zephyr/arch/arch/arm/core/libarch__arm__core.a(fatal.c.obj)
                0x000000000800044c                z_arm_fatal_error
 .text.z_SysNmiOnReset
                0x000000000800047c        0x8 zephyr/arch/arch/arm/core/libarch__arm__core.a(nmi_on_reset.S.obj)
                0x000000000800047c                z_SysNmiOnReset
 .text.z_tls_copy
                0x0000000008000484       0x28 zephyr/arch/arch/arm/core/libarch__arm__core.a(tls.c.obj)
 .text.arch_tls_stack_setup
                0x00000000080004ac       0x28 zephyr/arch/arch/arm/core/libarch__arm__core.a(tls.c.obj)
                0x00000000080004ac                arch_tls_stack_setup
 .text._HandlerModeExit
                0x00000000080004d4       0x20 zephyr/arch/arch/arm/core/cortex_m/libarch__arm__core__cortex_m.a(exc_exit.c.obj)
                0x00000000080004d4                z_arm_exc_exit
                0x00000000080004d4                z_arm_int_exit
 .text.z_arm_is_synchronous_svc
                0x00000000080004f4       0x3c zephyr/arch/arch/arm/core/cortex_m/libarch__arm__core__cortex_m.a(fault.c.obj)
 .text.get_esf  0x0000000008000530       0x40 zephyr/arch/arch/arm/core/cortex_m/libarch__arm__core__cortex_m.a(fault.c.obj)
 .text.bus_fault
                0x0000000008000570       0xec zephyr/arch/arch/arm/core/cortex_m/libarch__arm__core__cortex_m.a(fault.c.obj)
 .text.usage_fault
                0x000000000800065c       0xb4 zephyr/arch/arch/arm/core/cortex_m/libarch__arm__core__cortex_m.a(fault.c.obj)
 .text.debug_monitor
                0x0000000008000710       0x14 zephyr/arch/arch/arm/core/cortex_m/libarch__arm__core__cortex_m.a(fault.c.obj)
 .text.reserved_exception
                0x0000000008000724       0x24 zephyr/arch/arch/arm/core/cortex_m/libarch__arm__core__cortex_m.a(fault.c.obj)
 .text.mem_manage_fault
                0x0000000008000748      0x128 zephyr/arch/arch/arm/core/cortex_m/libarch__arm__core__cortex_m.a(fault.c.obj)
 .text.hard_fault
                0x0000000008000870       0xb8 zephyr/arch/arch/arm/core/cortex_m/libarch__arm__core__cortex_m.a(fault.c.obj)
 .text.z_arm_fault
                0x0000000008000928       0x88 zephyr/arch/arch/arm/core/cortex_m/libarch__arm__core__cortex_m.a(fault.c.obj)
                0x0000000008000928                z_arm_fault
 .text.z_arm_fault_init
                0x00000000080009b0       0x18 zephyr/arch/arch/arm/core/cortex_m/libarch__arm__core__cortex_m.a(fault.c.obj)
                0x00000000080009b0                z_arm_fault_init
 .text.__fault  0x00000000080009c8       0x14 zephyr/arch/arch/arm/core/cortex_m/libarch__arm__core__cortex_m.a(fault_s.S.obj)
                0x00000000080009c8                z_arm_bus_fault
                0x00000000080009c8                z_arm_usage_fault
                0x00000000080009c8                z_arm_mpu_fault
                0x00000000080009c8                z_arm_exc_spurious
                0x00000000080009c8                z_arm_debug_monitor
                0x00000000080009c8                z_arm_hard_fault
 .text._reset_section
                0x00000000080009dc       0x40 zephyr/arch/arch/arm/core/cortex_m/libarch__arm__core__cortex_m.a(reset.S.obj)
                0x00000000080009dc                z_arm_reset
                0x00000000080009dc                __start
 .text.z_impl_k_thread_abort
                0x0000000008000a1c       0x34 zephyr/arch/arch/arm/core/cortex_m/libarch__arm__core__cortex_m.a(thread_abort.c.obj)
                0x0000000008000a1c                z_impl_k_thread_abort
 .text.z_arm_pendsv
                0x0000000008000a50       0x64 zephyr/arch/arch/arm/core/cortex_m/libarch__arm__core__cortex_m.a(swap_helper.S.obj)
                0x0000000008000a50                z_arm_pendsv
 .text.z_arm_svc
                0x0000000008000ab4       0x24 zephyr/arch/arch/arm/core/cortex_m/libarch__arm__core__cortex_m.a(swap_helper.S.obj)
                0x0000000008000ab4                z_arm_svc
 .text.__NVIC_EnableIRQ
                0x0000000008000ad8       0x1c zephyr/arch/arch/arm/core/cortex_m/libarch__arm__core__cortex_m.a(irq_manage.c.obj)
 .text.__NVIC_SetPriority
                0x0000000008000af4       0x28 zephyr/arch/arch/arm/core/cortex_m/libarch__arm__core__cortex_m.a(irq_manage.c.obj)
 .text.relocate_vector_table
                0x0000000008000b1c       0x1c zephyr/arch/arch/arm/core/cortex_m/libarch__arm__core__cortex_m.a(prep_c.c.obj)
                0x0000000008000b1c                relocate_vector_table
 .text.z_prep_c
                0x0000000008000b38       0x38 zephyr/arch/arch/arm/core/cortex_m/libarch__arm__core__cortex_m.a(prep_c.c.obj)
                0x0000000008000b38                z_prep_c
 .text.arch_new_thread
                0x0000000008000b70       0x44 zephyr/arch/arch/arm/core/cortex_m/libarch__arm__core__cortex_m.a(thread.c.obj)
                0x0000000008000b70                arch_new_thread
 .text.z_check_thread_stack_fail
                0x0000000008000bb4       0x48 zephyr/arch/arch/arm/core/cortex_m/libarch__arm__core__cortex_m.a(thread.c.obj)
                0x0000000008000bb4                z_check_thread_stack_fail
 .text.arch_switch_to_main_thread
                0x0000000008000bfc       0x40 zephyr/arch/arch/arm/core/cortex_m/libarch__arm__core__cortex_m.a(thread.c.obj)
                0x0000000008000bfc                arch_switch_to_main_thread
 .text.z_arm_cpu_idle_init
                0x0000000008000c3c        0xc zephyr/arch/arch/arm/core/cortex_m/libarch__arm__core__cortex_m.a(cpu_idle.c.obj)
                0x0000000008000c3c                z_arm_cpu_idle_init
 .text.z_arm_interrupt_init
                0x0000000008000c48       0x34 zephyr/arch/arch/arm/core/cortex_m/libarch__arm__core__cortex_m.a(irq_init.c.obj)
                0x0000000008000c48                z_arm_interrupt_init
 .text._isr_wrapper
                0x0000000008000c7c       0x20 zephyr/arch/arch/arm/core/cortex_m/libarch__arm__core__cortex_m.a(isr_wrapper.c.obj)
                0x0000000008000c7c                _isr_wrapper
 .text.z_arm_configure_static_mpu_regions
                0x0000000008000c9c       0x1c zephyr/arch/arch/arm/core/mpu/libarch__arm__core__mpu.a(arm_core_mpu.c.obj)
                0x0000000008000c9c                z_arm_configure_static_mpu_regions
 .text.z_arm_configure_dynamic_mpu_regions
                0x0000000008000cb8       0x24 zephyr/arch/arch/arm/core/mpu/libarch__arm__core__mpu.a(arm_core_mpu.c.obj)
                0x0000000008000cb8                z_arm_configure_dynamic_mpu_regions
 .text.region_init
                0x0000000008000cdc       0x28 zephyr/arch/arch/arm/core/mpu/libarch__arm__core__mpu.a(arm_mpu.c.obj)
 .text.region_allocate_and_init
                0x0000000008000d04       0x28 zephyr/arch/arch/arm/core/mpu/libarch__arm__core__mpu.a(arm_mpu.c.obj)
 .text.mpu_configure_static_mpu_regions
                0x0000000008000d2c       0x14 zephyr/arch/arch/arm/core/mpu/libarch__arm__core__mpu.a(arm_mpu.c.obj)
 .text.mpu_configure_dynamic_mpu_regions
                0x0000000008000d40       0x3c zephyr/arch/arch/arm/core/mpu/libarch__arm__core__mpu.a(arm_mpu.c.obj)
 .text.arm_core_mpu_enable
                0x0000000008000d7c       0x18 zephyr/arch/arch/arm/core/mpu/libarch__arm__core__mpu.a(arm_mpu.c.obj)
                0x0000000008000d7c                arm_core_mpu_enable
 .text.arm_core_mpu_disable
                0x0000000008000d94       0x14 zephyr/arch/arch/arm/core/mpu/libarch__arm__core__mpu.a(arm_mpu.c.obj)
                0x0000000008000d94                arm_core_mpu_disable
 .text.z_arm_mpu_init
                0x0000000008000da8       0x80 zephyr/arch/arch/arm/core/mpu/libarch__arm__core__mpu.a(arm_mpu.c.obj)
                0x0000000008000da8                z_arm_mpu_init
 .text.z_impl_zephyr_fputc
                0x0000000008000e28       0x10 zephyr/lib/libc/picolibc/liblib__libc__picolibc.a(stdio.c.obj)
                0x0000000008000e28                z_impl_zephyr_fputc
 .text.__stdout_hook_install
                0x0000000008000e38       0x18 zephyr/lib/libc/picolibc/liblib__libc__picolibc.a(stdio.c.obj)
                0x0000000008000e38                __stdout_hook_install
 .text.malloc_prepare
                0x0000000008000e50       0x24 zephyr/lib/libc/common/liblib__libc__common.a(malloc.c.obj)
 .text.stm32_fill_irq_table
                0x0000000008000e74       0x24 zephyr/drivers/interrupt_controller/libdrivers__interrupt_controller.a(intc_gpio_stm32.c.obj)
 .text.stm32_intc_gpio_isr
                0x0000000008000e98       0x48 zephyr/drivers/interrupt_controller/libdrivers__interrupt_controller.a(intc_gpio_stm32.c.obj)
 .text.LL_SYSCFG_SetEXTISource
                0x0000000008000ee0       0x38 zephyr/drivers/interrupt_controller/libdrivers__interrupt_controller.a(intc_gpio_stm32.c.obj)
 .text.LL_SYSCFG_GetEXTISource
                0x0000000008000f18       0x28 zephyr/drivers/interrupt_controller/libdrivers__interrupt_controller.a(intc_gpio_stm32.c.obj)
 .text.stm32_gpio_intc_enable_line
                0x0000000008000f40       0x30 zephyr/drivers/interrupt_controller/libdrivers__interrupt_controller.a(intc_gpio_stm32.c.obj)
                0x0000000008000f40                stm32_gpio_intc_enable_line
 .text.stm32_gpio_intc_disable_line
                0x0000000008000f70       0x10 zephyr/drivers/interrupt_controller/libdrivers__interrupt_controller.a(intc_gpio_stm32.c.obj)
                0x0000000008000f70                stm32_gpio_intc_disable_line
 .text.stm32_gpio_intc_select_line_trigger
                0x0000000008000f80       0x58 zephyr/drivers/interrupt_controller/libdrivers__interrupt_controller.a(intc_gpio_stm32.c.obj)
                0x0000000008000f80                stm32_gpio_intc_select_line_trigger
 .text.stm32_gpio_intc_set_irq_callback
                0x0000000008000fd8       0x4c zephyr/drivers/interrupt_controller/libdrivers__interrupt_controller.a(intc_gpio_stm32.c.obj)
                0x0000000008000fd8                stm32_gpio_intc_set_irq_callback
 .text.stm32_gpio_intc_remove_irq_callback
                0x0000000008001024       0x24 zephyr/drivers/interrupt_controller/libdrivers__interrupt_controller.a(intc_gpio_stm32.c.obj)
                0x0000000008001024                stm32_gpio_intc_remove_irq_callback
 .text.stm32_exti_enable_clocks
                0x0000000008001048       0x48 zephyr/drivers/interrupt_controller/libdrivers__interrupt_controller.a(intc_exti_stm32.c.obj)
 .text.stm32_exti_is_pending
                0x0000000008001090       0x38 zephyr/drivers/interrupt_controller/libdrivers__interrupt_controller.a(intc_exti_stm32.c.obj)
                0x0000000008001090                stm32_exti_is_pending
 .text.stm32_exti_clear_pending
                0x00000000080010c8       0x2c zephyr/drivers/interrupt_controller/libdrivers__interrupt_controller.a(intc_exti_stm32.c.obj)
                0x00000000080010c8                stm32_exti_clear_pending
 .text.get_msi_frequency
                0x00000000080010f4       0x18 zephyr/drivers/clock_control/libdrivers__clock_control.a(clock_stm32_ll_common.c.obj)
 .text.stm32_clock_switch_to_hsi
                0x000000000800110c       0x48 zephyr/drivers/clock_control/libdrivers__clock_control.a(clock_stm32_ll_common.c.obj)
 .text.stm32_clock_control_get_subsys_rate
                0x0000000008001154      0x11c zephyr/drivers/clock_control/libdrivers__clock_control.a(clock_stm32_ll_common.c.obj)
 .text.set_up_fixed_clock_sources
                0x0000000008001270       0xcc zephyr/drivers/clock_control/libdrivers__clock_control.a(clock_stm32_ll_common.c.obj)
 .text.set_up_plls
                0x000000000800133c       0x84 zephyr/drivers/clock_control/libdrivers__clock_control.a(clock_stm32_ll_common.c.obj)
 .text.stm32_clock_control_init
                0x00000000080013c0       0x90 zephyr/drivers/clock_control/libdrivers__clock_control.a(clock_stm32_ll_common.c.obj)
                0x00000000080013c0                stm32_clock_control_init
 .text.get_pllsrc_frequency
                0x0000000008001450        0x8 zephyr/drivers/clock_control/libdrivers__clock_control.a(clock_stm32l4_l5_wb_wl.c.obj)
                0x0000000008001450                get_pllsrc_frequency
 .text.config_pll_sysclock
                0x0000000008001458       0x2c zephyr/drivers/clock_control/libdrivers__clock_control.a(clock_stm32l4_l5_wb_wl.c.obj)
                0x0000000008001458                config_pll_sysclock
 .text.config_enable_default_clocks
                0x0000000008001484       0x20 zephyr/drivers/clock_control/libdrivers__clock_control.a(clock_stm32l4_l5_wb_wl.c.obj)
                0x0000000008001484                config_enable_default_clocks
 .text.console_out
                0x00000000080014a4       0x28 zephyr/drivers/console/libdrivers__console.a(uart_console.c.obj)
 .text.uart_console_hook_install
                0x00000000080014cc       0x18 zephyr/drivers/console/libdrivers__console.a(uart_console.c.obj)
 .text.uart_console_init
                0x00000000080014e4       0x1c zephyr/drivers/console/libdrivers__console.a(uart_console.c.obj)
 .text.gpio_stm32_clock_request
                0x0000000008001500       0x3c zephyr/drivers/gpio/libdrivers__gpio.a(gpio_stm32.c.obj)
 .text.gpio_stm32_pin_interrupt_configure
                0x000000000800153c       0x94 zephyr/drivers/gpio/libdrivers__gpio.a(gpio_stm32.c.obj)
 .text.gpio_stm32_init
                0x00000000080015d0       0x38 zephyr/drivers/gpio/libdrivers__gpio.a(gpio_stm32.c.obj)
 .text.stm32_pin_configure
                0x0000000008001608       0x40 zephyr/drivers/pinctrl/libdrivers__pinctrl.a(pinctrl_stm32.c.obj)
 .text.uart_stm32_configure
                0x0000000008001648      0x17c zephyr/drivers/serial/libdrivers__serial.a(uart_stm32.c.obj)
 .text.uart_stm32_poll_in
                0x00000000080017c4       0x10 zephyr/drivers/serial/libdrivers__serial.a(uart_stm32.c.obj)
 .text.uart_stm32_poll_out
                0x00000000080017d4       0x10 zephyr/drivers/serial/libdrivers__serial.a(uart_stm32.c.obj)
 .text.uart_stm32_fifo_fill
                0x00000000080017e4       0x38 zephyr/drivers/serial/libdrivers__serial.a(uart_stm32.c.obj)
 .text.uart_stm32_fifo_read
                0x000000000800181c       0x38 zephyr/drivers/serial/libdrivers__serial.a(uart_stm32.c.obj)
 .text.uart_stm32_irq_err_enable
                0x0000000008001854       0x60 zephyr/drivers/serial/libdrivers__serial.a(uart_stm32.c.obj)
 .text.uart_stm32_irq_err_disable
                0x00000000080018b4       0x60 zephyr/drivers/serial/libdrivers__serial.a(uart_stm32.c.obj)
 .text.uart_stm32_clocks_enable
                0x0000000008001914       0x30 zephyr/drivers/serial/libdrivers__serial.a(uart_stm32.c.obj)
 .text.uart_stm32_registers_configure
                0x0000000008001944      0x118 zephyr/drivers/serial/libdrivers__serial.a(uart_stm32.c.obj)
 .text.elapsed  0x0000000008001a5c       0x48 zephyr/drivers/timer/libdrivers__timer.a(cortex_m_systick.c.obj)
 .text.sys_clock_driver_init
                0x0000000008001aa4       0x38 zephyr/drivers/timer/libdrivers__timer.a(cortex_m_systick.c.obj)
 .text.sys_clock_isr
                0x0000000008001adc       0x68 zephyr/drivers/timer/libdrivers__timer.a(cortex_m_systick.c.obj)
                0x0000000008001adc                sys_clock_isr
 .text.sys_clock_set_timeout
                0x0000000008001b44      0x124 zephyr/drivers/timer/libdrivers__timer.a(cortex_m_systick.c.obj)
                0x0000000008001b44                sys_clock_set_timeout
 .text.sys_clock_elapsed
                0x0000000008001c68       0x40 zephyr/drivers/timer/libdrivers__timer.a(cortex_m_systick.c.obj)
                0x0000000008001c68                sys_clock_elapsed
 .text.blink_gpio_led_init
                0x0000000008001ca8       0x5c modules/custom_app/drivers/blink/lib..__..__custom_app__drivers__blink.a(gpio_led.c.obj)
 .text.HAL_RCC_GetSysClockFreq
                0x0000000008001d04       0xb4 modules/hal_stm32/stm32cube/lib..__modules__hal__stm32__stm32cube.a(stm32l4xx_hal_rcc.c.obj)
                0x0000000008001d04                HAL_RCC_GetSysClockFreq
 .text.LL_SetFlashLatency
                0x0000000008001db8       0xd0 modules/hal_stm32/stm32cube/lib..__modules__hal__stm32__stm32cube.a(stm32l4xx_ll_utils.c.obj)
                0x0000000008001db8                LL_SetFlashLatency
 .text.z_fatal_error
                0x0000000008001e88       0x2c zephyr/kernel/libkernel.a(fatal.c.obj)
                0x0000000008001e88                z_fatal_error
 .text.init_idle_thread
                0x0000000008001eb4       0x60 zephyr/kernel/libkernel.a(init.c.obj)
 .text.z_sys_init_run_level
                0x0000000008001f14       0x38 zephyr/kernel/libkernel.a(init.c.obj)
 .text.thread_schedule_new
                0x0000000008001f4c       0x1c zephyr/kernel/libkernel.a(init.c.obj)
 .text.z_init_static_threads
                0x0000000008001f68       0x70 zephyr/kernel/libkernel.a(init.c.obj)
 .text.bg_thread_main
                0x0000000008001fd8       0x34 zephyr/kernel/libkernel.a(init.c.obj)
 .text.switch_to_main_thread
                0x000000000800200c       0x14 zephyr/kernel/libkernel.a(init.c.obj)
 .text.z_init_cpu
                0x0000000008002020       0x44 zephyr/kernel/libkernel.a(init.c.obj)
                0x0000000008002020                z_init_cpu
 .text.prepare_multithreading
                0x0000000008002064       0x60 zephyr/kernel/libkernel.a(init.c.obj)
 .text.z_cstart
                0x00000000080020c4       0x78 zephyr/kernel/libkernel.a(init.c.obj)
                0x00000000080020c4                z_cstart
 .text.z_setup_new_thread
                0x000000000800213c       0xc4 zephyr/kernel/libkernel.a(thread.c.obj)
                0x000000000800213c                z_setup_new_thread
 .text.z_dummy_thread_init
                0x0000000008002200       0x20 zephyr/kernel/libkernel.a(thread.c.obj)
                0x0000000008002200                z_dummy_thread_init
 .text.z_swap_irqlock
                0x0000000008002220       0x34 zephyr/kernel/libkernel.a(sched.c.obj)
 .text.ready_thread
                0x0000000008002254       0xb4 zephyr/kernel/libkernel.a(sched.c.obj)
 .text.unready_thread
                0x0000000008002308       0x68 zephyr/kernel/libkernel.a(sched.c.obj)
 .text.thread_halt_spin
                0x0000000008002370      0x118 zephyr/kernel/libkernel.a(sched.c.obj)
 .text.move_thread_to_end_of_prio_q
                0x0000000008002488       0xc8 zephyr/kernel/libkernel.a(sched.c.obj)
                0x0000000008002488                move_thread_to_end_of_prio_q
 .text.z_reschedule
                0x0000000008002550       0x2c zephyr/kernel/libkernel.a(sched.c.obj)
                0x0000000008002550                z_reschedule
 .text.z_reschedule_irqlock
                0x000000000800257c       0x2c zephyr/kernel/libkernel.a(sched.c.obj)
                0x000000000800257c                z_reschedule_irqlock
 .text.k_sched_lock
                0x00000000080025a8       0x30 zephyr/kernel/libkernel.a(sched.c.obj)
                0x00000000080025a8                k_sched_lock
 .text.k_sched_unlock
                0x00000000080025d8       0x70 zephyr/kernel/libkernel.a(sched.c.obj)
                0x00000000080025d8                k_sched_unlock
 .text.z_sched_init
                0x0000000008002648       0x10 zephyr/kernel/libkernel.a(sched.c.obj)
                0x0000000008002648                z_sched_init
 .text.z_impl_k_yield
                0x0000000008002658       0xa0 zephyr/kernel/libkernel.a(sched.c.obj)
                0x0000000008002658                z_impl_k_yield
 .text.z_tick_sleep
                0x00000000080026f8       0x7c zephyr/kernel/libkernel.a(sched.c.obj)
 .text.z_impl_k_sleep
                0x0000000008002774       0x78 zephyr/kernel/libkernel.a(sched.c.obj)
                0x0000000008002774                z_impl_k_sleep
 .text.z_impl_k_wakeup
                0x00000000080027ec       0x48 zephyr/kernel/libkernel.a(sched.c.obj)
                0x00000000080027ec                z_impl_k_wakeup
 .text.z_impl_k_sched_current_thread_query
                0x0000000008002834        0xc zephyr/kernel/libkernel.a(sched.c.obj)
                0x0000000008002834                z_impl_k_sched_current_thread_query
 .text.z_thread_abort
                0x0000000008002840      0x16c zephyr/kernel/libkernel.a(sched.c.obj)
                0x0000000008002840                z_thread_abort
 .text.slice_timeout
                0x00000000080029ac       0x20 zephyr/kernel/libkernel.a(timeslicing.c.obj)
 .text.thread_is_sliceable
                0x00000000080029cc       0x4c zephyr/kernel/libkernel.a(timeslicing.c.obj)
                0x00000000080029cc                thread_is_sliceable
 .text.z_reset_time_slice
                0x0000000008002a18       0x50 zephyr/kernel/libkernel.a(timeslicing.c.obj)
                0x0000000008002a18                z_reset_time_slice
 .text.z_time_slice
                0x0000000008002a68       0x70 zephyr/kernel/libkernel.a(timeslicing.c.obj)
                0x0000000008002a68                z_time_slice
 .text.z_thread_monitor_exit
                0x0000000008002ad8       0x3c zephyr/kernel/libkernel.a(thread_monitor.c.obj)
                0x0000000008002ad8                z_thread_monitor_exit
 .text.first    0x0000000008002b14       0x14 zephyr/kernel/libkernel.a(timeout.c.obj)
 .text.next     0x0000000008002b28       0x18 zephyr/kernel/libkernel.a(timeout.c.obj)
 .text.elapsed  0x0000000008002b40       0x18 zephyr/kernel/libkernel.a(timeout.c.obj)
 .text.z_add_timeout
                0x0000000008002b58      0x134 zephyr/kernel/libkernel.a(timeout.c.obj)
                0x0000000008002b58                z_add_timeout
 .text.sys_clock_announce
                0x0000000008002c8c       0xc4 zephyr/kernel/libkernel.a(timeout.c.obj)
                0x0000000008002c8c                sys_clock_announce
 .text.sys_clock_tick_get
                0x0000000008002d50       0x40 zephyr/kernel/libkernel.a(timeout.c.obj)
                0x0000000008002d50                sys_clock_tick_get
 .text.z_timer_expiration_handler
                0x0000000008002d90      0x11c zephyr/kernel/libkernel.a(timer.c.obj)
                0x0000000008002d90                z_timer_expiration_handler
 .text.z_impl_k_timer_start
                0x0000000008002eac       0x70 zephyr/kernel/libkernel.a(timer.c.obj)
                0x0000000008002eac                z_impl_k_timer_start
 .text.boot_banner
                0x0000000008002f1c       0x10 zephyr/kernel/libkernel.a(banner.c.obj)
                0x0000000008002f1c                boot_banner
 .text.__l_vfprintf
                0x0000000008002f2c      0x4b8 /Users/wangbo/.zephyr_ide/toolchains/zephyr-sdk-0.17.4/arm-zephyr-eabi/bin/../lib/gcc/../../picolibc/arm-zephyr-eabi/lib/thumb/v7e-m/nofp/libc.a(libc_tinystdio_vflprintf.c.o)
                0x0000000008002f2c                __l_vfprintf
 .text._OffsetAbsSyms
                0x00000000080033e4        0x2 zephyr/CMakeFiles/offsets.dir/./arch/arm/core/offsets/offsets.c.obj
                0x00000000080033e4                _OffsetAbsSyms
 .text.free_list_add_bidx
                0x00000000080033e6       0x4e zephyr/libzephyr.a(heap.c.obj)
 .text.free_list_add
                0x0000000008003434       0x18 zephyr/libzephyr.a(heap.c.obj)
 .text.sys_heap_init
                0x000000000800344c       0x84 zephyr/libzephyr.a(heap.c.obj)
                0x000000000800344c                sys_heap_init
 .text.arch_printk_char_out
                0x00000000080034d0        0x4 zephyr/libzephyr.a(printk.c.obj)
                0x00000000080034d0                arch_printk_char_out
 .text.printk   0x00000000080034d4       0x1c zephyr/libzephyr.a(printk.c.obj)
                0x00000000080034d4                printk
 .text._ConfigAbsSyms
                0x00000000080034f0        0x2 zephyr/libzephyr.a(configs.c.obj)
                0x00000000080034f0                _ConfigAbsSyms
 .text.arch_early_memset
                0x00000000080034f2        0x8 zephyr/arch/common/libarch__common.a(init.c.obj)
                0x00000000080034f2                arch_early_memset
 .text.arch_early_memcpy
                0x00000000080034fa        0x8 zephyr/arch/common/libarch__common.a(init.c.obj)
                0x00000000080034fa                arch_early_memcpy
 .text.z_do_kernel_oops
                0x0000000008003502        0xc zephyr/arch/arch/arm/core/libarch__arm__core.a(fatal.c.obj)
                0x0000000008003502                z_do_kernel_oops
 .text.z_arm_nmi
                0x000000000800350e        0xc zephyr/arch/arch/arm/core/libarch__arm__core.a(nmi.c.obj)
                0x000000000800350e                z_arm_nmi
 .text.memory_fault_recoverable
                0x000000000800351a        0x4 zephyr/arch/arch/arm/core/cortex_m/libarch__arm__core__cortex_m.a(fault.c.obj)
 .text.fault_handle
                0x000000000800351e       0x4a zephyr/arch/arch/arm/core/cortex_m/libarch__arm__core__cortex_m.a(fault.c.obj)
 .text.arm_irq_enable
                0x0000000008003568        0xa zephyr/arch/arch/arm/core/cortex_m/libarch__arm__core__cortex_m.a(irq_manage.c.obj)
                0x0000000008003568                arm_irq_enable
 .text.arm_irq_priority_set
                0x0000000008003572        0xc zephyr/arch/arch/arm/core/cortex_m/libarch__arm__core__cortex_m.a(irq_manage.c.obj)
                0x0000000008003572                arm_irq_priority_set
 .text.z_irq_spurious
                0x000000000800357e        0xc zephyr/arch/arch/arm/core/cortex_m/libarch__arm__core__cortex_m.a(irq_manage.c.obj)
                0x000000000800357e                z_irq_spurious
 .text.arch_coprocessors_disable
                0x000000000800358a        0x6 zephyr/arch/arch/arm/core/cortex_m/libarch__arm__core__cortex_m.a(thread.c.obj)
                0x000000000800358a                arch_coprocessors_disable
 .text.arch_irq_unlock_outlined
                0x0000000008003590        0xe zephyr/arch/arch/arm/core/cortex_m/libarch__arm__core__cortex_m.a(thread.c.obj)
                0x0000000008003590                arch_irq_unlock_outlined
 .text.arch_cpu_idle
                0x000000000800359e       0x1a zephyr/arch/arch/arm/core/cortex_m/libarch__arm__core__cortex_m.a(cpu_idle.c.obj)
                0x000000000800359e                arch_cpu_idle
 .text.mpu_partition_is_valid
                0x00000000080035b8       0x22 zephyr/arch/arch/arm/core/mpu/libarch__arm__core__mpu.a(arm_mpu.c.obj)
 .text.mpu_configure_region
                0x00000000080035da       0x3e zephyr/arch/arch/arm/core/mpu/libarch__arm__core__mpu.a(arm_mpu.c.obj)
 .text.mpu_configure_regions
                0x0000000008003618       0x50 zephyr/arch/arch/arm/core/mpu/libarch__arm__core__mpu.a(arm_mpu.c.obj)
 .text.mpu_configure_regions_from_dt
                0x0000000008003668      0x1b0 zephyr/arch/arch/arm/core/mpu/libarch__arm__core__mpu.a(arm_mpu.c.obj)
 .text.arm_core_mpu_configure_static_mpu_regions
                0x0000000008003818        0x8 zephyr/arch/arch/arm/core/mpu/libarch__arm__core__mpu.a(arm_mpu.c.obj)
                0x0000000008003818                arm_core_mpu_configure_static_mpu_regions
 .text.arm_core_mpu_configure_dynamic_mpu_regions
                0x0000000008003820        0x8 zephyr/arch/arch/arm/core/mpu/libarch__arm__core__mpu.a(arm_mpu.c.obj)
                0x0000000008003820                arm_core_mpu_configure_dynamic_mpu_regions
 .text.picolibc_put
                0x0000000008003828        0xa zephyr/lib/libc/picolibc/liblib__libc__picolibc.a(stdio.c.obj)
 .text.stm32_exti_gpio_intc_init
                0x0000000008003832       0x92 zephyr/drivers/interrupt_controller/libdrivers__interrupt_controller.a(intc_gpio_stm32.c.obj)
 .text.stm32_gpio_intc_get_pin_irq_line
                0x00000000080038c4        0xa zephyr/drivers/interrupt_controller/libdrivers__interrupt_controller.a(intc_gpio_stm32.c.obj)
                0x00000000080038c4                stm32_gpio_intc_get_pin_irq_line
 .text.stm32_exti_set_line_src_port
                0x00000000080038ce       0x1c zephyr/drivers/interrupt_controller/libdrivers__interrupt_controller.a(intc_gpio_stm32.c.obj)
                0x00000000080038ce                stm32_exti_set_line_src_port
 .text.stm32_exti_get_line_src_port
                0x00000000080038ea       0x1a zephyr/drivers/interrupt_controller/libdrivers__interrupt_controller.a(intc_gpio_stm32.c.obj)
                0x00000000080038ea                stm32_exti_get_line_src_port
 .text.stm32_exti_init
                0x0000000008003904        0x8 zephyr/drivers/interrupt_controller/libdrivers__interrupt_controller.a(intc_exti_stm32.c.obj)
 .text.get_pll_div_frequency
                0x000000000800390c        0xe zephyr/drivers/clock_control/libdrivers__clock_control.a(clock_stm32_ll_common.c.obj)
 .text.get_bus_clock
                0x000000000800391a        0x6 zephyr/drivers/clock_control/libdrivers__clock_control.a(clock_stm32_ll_common.c.obj)
 .text.stm32_clock_control_on
                0x0000000008003920       0x44 zephyr/drivers/clock_control/libdrivers__clock_control.a(clock_stm32_ll_common.c.obj)
 .text.stm32_clock_control_off
                0x0000000008003964       0x2e zephyr/drivers/clock_control/libdrivers__clock_control.a(clock_stm32_ll_common.c.obj)
 .text.enabled_clock
                0x0000000008003992       0x20 zephyr/drivers/clock_control/libdrivers__clock_control.a(clock_stm32_ll_common.c.obj)
                0x0000000008003992                enabled_clock
 .text.stm32_clock_control_configure
                0x00000000080039b2       0x5e zephyr/drivers/clock_control/libdrivers__clock_control.a(clock_stm32_ll_common.c.obj)
 .text.stm32_clock_control_get_status
                0x0000000008003a10       0x3a zephyr/drivers/clock_control/libdrivers__clock_control.a(clock_stm32_ll_common.c.obj)
 .text.config_regulator_voltage
                0x0000000008003a4a        0x2 zephyr/drivers/clock_control/libdrivers__clock_control.a(clock_stm32_ll_common.c.obj)
                0x0000000008003a4a                config_regulator_voltage
 .text.get_pll_source
                0x0000000008003a4c        0x4 zephyr/drivers/clock_control/libdrivers__clock_control.a(clock_stm32l4_l5_wb_wl.c.obj)
 .text.sys_slist_remove
                0x0000000008003a50       0x26 zephyr/drivers/gpio/libdrivers__gpio.a(gpio_stm32.c.obj)
 .text.sys_slist_find_and_remove
                0x0000000008003a76       0x20 zephyr/drivers/gpio/libdrivers__gpio.a(gpio_stm32.c.obj)
 .text.pm_device_driver_init
                0x0000000008003a96       0x24 zephyr/drivers/gpio/libdrivers__gpio.a(gpio_stm32.c.obj)
 .text.gpio_manage_callback
                0x0000000008003aba       0x3e zephyr/drivers/gpio/libdrivers__gpio.a(gpio_stm32.c.obj)
 .text.gpio_fire_callbacks
                0x0000000008003af8       0x40 zephyr/drivers/gpio/libdrivers__gpio.a(gpio_stm32.c.obj)
 .text.gpio_stm32_isr
                0x0000000008003b38       0x10 zephyr/drivers/gpio/libdrivers__gpio.a(gpio_stm32.c.obj)
 .text.gpio_stm32_flags_to_conf
                0x0000000008003b48       0xa8 zephyr/drivers/gpio/libdrivers__gpio.a(gpio_stm32.c.obj)
 .text.gpio_stm32_port_get_raw
                0x0000000008003bf0        0xc zephyr/drivers/gpio/libdrivers__gpio.a(gpio_stm32.c.obj)
 .text.gpio_stm32_port_set_masked_raw
                0x0000000008003bfc       0x12 zephyr/drivers/gpio/libdrivers__gpio.a(gpio_stm32.c.obj)
 .text.gpio_stm32_port_set_bits_raw
                0x0000000008003c0e        0xa zephyr/drivers/gpio/libdrivers__gpio.a(gpio_stm32.c.obj)
 .text.gpio_stm32_port_clear_bits_raw
                0x0000000008003c18        0xa zephyr/drivers/gpio/libdrivers__gpio.a(gpio_stm32.c.obj)
 .text.gpio_stm32_port_toggle_bits
                0x0000000008003c22        0xe zephyr/drivers/gpio/libdrivers__gpio.a(gpio_stm32.c.obj)
 .text.gpio_stm32_manage_callback
                0x0000000008003c30        0xc zephyr/drivers/gpio/libdrivers__gpio.a(gpio_stm32.c.obj)
 .text.gpio_stm32_pm_action
                0x0000000008003c3c       0x32 zephyr/drivers/gpio/libdrivers__gpio.a(gpio_stm32.c.obj)
 .text.LL_GPIO_SetPinMode
                0x0000000008003c6e       0x3a zephyr/drivers/gpio/libdrivers__gpio.a(gpio_stm32.c.obj)
 .text.LL_GPIO_SetPinSpeed
                0x0000000008003ca8       0x3a zephyr/drivers/gpio/libdrivers__gpio.a(gpio_stm32.c.obj)
 .text.LL_GPIO_SetPinPull
                0x0000000008003ce2       0x3a zephyr/drivers/gpio/libdrivers__gpio.a(gpio_stm32.c.obj)
 .text.LL_GPIO_SetAFPin_0_7
                0x0000000008003d1c       0x3a zephyr/drivers/gpio/libdrivers__gpio.a(gpio_stm32.c.obj)
 .text.LL_GPIO_SetAFPin_8_15
                0x0000000008003d56       0x3c zephyr/drivers/gpio/libdrivers__gpio.a(gpio_stm32.c.obj)
 .text.gpio_stm32_configure_raw
                0x0000000008003d92       0x7e zephyr/drivers/gpio/libdrivers__gpio.a(gpio_stm32.c.obj)
 .text.gpio_stm32_config
                0x0000000008003e10       0x98 zephyr/drivers/gpio/libdrivers__gpio.a(gpio_stm32.c.obj)
 .text.gpio_stm32_disable_pin_irqs
                0x0000000008003ea8       0x30 zephyr/drivers/gpio/libdrivers__gpio.a(gpio_stm32.c.obj)
 .text.gpio_stm32_configure
                0x0000000008003ed8       0x34 zephyr/drivers/gpio/libdrivers__gpio.a(gpio_stm32.c.obj)
                0x0000000008003ed8                gpio_stm32_configure
 .text.pinctrl_lookup_state
                0x0000000008003f0c       0x32 zephyr/drivers/pinctrl/libdrivers__pinctrl.a(common.c.obj)
                0x0000000008003f0c                pinctrl_lookup_state
 .text.pinctrl_configure_pins
                0x0000000008003f3e       0x5e zephyr/drivers/pinctrl/libdrivers__pinctrl.a(pinctrl_stm32.c.obj)
                0x0000000008003f3e                pinctrl_configure_pins
 .text.reset_stm32_status
                0x0000000008003f9c       0x20 zephyr/drivers/reset/libdrivers__reset.a(reset_stm32.c.obj)
 .text.reset_stm32_line_assert
                0x0000000008003fbc       0x1e zephyr/drivers/reset/libdrivers__reset.a(reset_stm32.c.obj)
 .text.reset_stm32_line_deassert
                0x0000000008003fda       0x20 zephyr/drivers/reset/libdrivers__reset.a(reset_stm32.c.obj)
 .text.reset_stm32_line_toggle
                0x0000000008003ffa       0x16 zephyr/drivers/reset/libdrivers__reset.a(reset_stm32.c.obj)
 .text.reset_line_toggle
                0x0000000008004010       0x12 zephyr/drivers/serial/libdrivers__serial.a(uart_stm32.c.obj)
 .text.uart_stm32_set_baudrate
                0x0000000008004022       0x52 zephyr/drivers/serial/libdrivers__serial.a(uart_stm32.c.obj)
 .text.uart_stm32_set_driver_enable
                0x0000000008004074       0x1c zephyr/drivers/serial/libdrivers__serial.a(uart_stm32.c.obj)
 .text.uart_stm32_ll2cfg_databits
                0x0000000008004090       0x2a zephyr/drivers/serial/libdrivers__serial.a(uart_stm32.c.obj)
 .text.uart_stm32_parameters_set
                0x00000000080040ba      0x16e zephyr/drivers/serial/libdrivers__serial.a(uart_stm32.c.obj)
 .text.uart_stm32_config_get
                0x0000000008004228       0x9a zephyr/drivers/serial/libdrivers__serial.a(uart_stm32.c.obj)
 .text.uart_stm32_poll_in_visitor
                0x00000000080042c2       0x26 zephyr/drivers/serial/libdrivers__serial.a(uart_stm32.c.obj)
 .text.uart_stm32_poll_out_visitor
                0x00000000080042e8       0x3a zephyr/drivers/serial/libdrivers__serial.a(uart_stm32.c.obj)
 .text.poll_in_u8
                0x0000000008004322        0x6 zephyr/drivers/serial/libdrivers__serial.a(uart_stm32.c.obj)
 .text.poll_out_u8
                0x0000000008004328        0x6 zephyr/drivers/serial/libdrivers__serial.a(uart_stm32.c.obj)
 .text.uart_stm32_err_check
                0x000000000800432e       0x74 zephyr/drivers/serial/libdrivers__serial.a(uart_stm32.c.obj)
 .text.uart_stm32_fifo_fill_visitor
                0x00000000080043a2       0x52 zephyr/drivers/serial/libdrivers__serial.a(uart_stm32.c.obj)
 .text.fifo_fill_with_u8
                0x00000000080043f4        0x6 zephyr/drivers/serial/libdrivers__serial.a(uart_stm32.c.obj)
 .text.uart_stm32_fifo_read_visitor
                0x00000000080043fa       0x3c zephyr/drivers/serial/libdrivers__serial.a(uart_stm32.c.obj)
 .text.fifo_read_with_u8
                0x0000000008004436        0x6 zephyr/drivers/serial/libdrivers__serial.a(uart_stm32.c.obj)
 .text.uart_stm32_irq_tx_enable
                0x000000000800443c       0x16 zephyr/drivers/serial/libdrivers__serial.a(uart_stm32.c.obj)
 .text.uart_stm32_irq_tx_disable
                0x0000000008004452       0x16 zephyr/drivers/serial/libdrivers__serial.a(uart_stm32.c.obj)
 .text.uart_stm32_irq_tx_ready
                0x0000000008004468       0x20 zephyr/drivers/serial/libdrivers__serial.a(uart_stm32.c.obj)
 .text.uart_stm32_irq_tx_complete
                0x0000000008004488       0x10 zephyr/drivers/serial/libdrivers__serial.a(uart_stm32.c.obj)
 .text.uart_stm32_irq_rx_enable
                0x0000000008004498       0x16 zephyr/drivers/serial/libdrivers__serial.a(uart_stm32.c.obj)
 .text.uart_stm32_irq_rx_disable
                0x00000000080044ae       0x16 zephyr/drivers/serial/libdrivers__serial.a(uart_stm32.c.obj)
 .text.uart_stm32_irq_rx_ready
                0x00000000080044c4       0x10 zephyr/drivers/serial/libdrivers__serial.a(uart_stm32.c.obj)
 .text.uart_stm32_irq_is_pending
                0x00000000080044d4       0x34 zephyr/drivers/serial/libdrivers__serial.a(uart_stm32.c.obj)
 .text.uart_stm32_irq_update
                0x0000000008004508        0x4 zephyr/drivers/serial/libdrivers__serial.a(uart_stm32.c.obj)
 .text.uart_stm32_irq_callback_set
                0x000000000800450c        0x8 zephyr/drivers/serial/libdrivers__serial.a(uart_stm32.c.obj)
 .text.uart_stm32_isr
                0x0000000008004514        0xe zephyr/drivers/serial/libdrivers__serial.a(uart_stm32.c.obj)
 .text.pinctrl_apply_state
                0x0000000008004522       0x20 zephyr/drivers/serial/libdrivers__serial.a(uart_stm32.c.obj)
 .text.uart_stm32_init
                0x0000000008004542       0x2e zephyr/drivers/serial/libdrivers__serial.a(uart_stm32.c.obj)
 .text.uart_stm32_irq_config_func_0
                0x0000000008004570       0x14 zephyr/drivers/serial/libdrivers__serial.a(uart_stm32.c.obj)
 .text.z_impl_gpio_pin_configure
                0x0000000008004584       0x50 modules/custom_app/drivers/blink/lib..__..__custom_app__drivers__blink.a(gpio_led.c.obj)
 .text.gpio_pin_configure_dt
                0x00000000080045d4       0x16 modules/custom_app/drivers/blink/lib..__..__custom_app__drivers__blink.a(gpio_led.c.obj)
 .text.gpio_pin_set_raw
                0x00000000080045ea       0x20 modules/custom_app/drivers/blink/lib..__..__custom_app__drivers__blink.a(gpio_led.c.obj)
 .text.gpio_pin_set
                0x000000000800460a       0x1a modules/custom_app/drivers/blink/lib..__..__custom_app__drivers__blink.a(gpio_led.c.obj)
 .text.gpio_pin_toggle_dt
                0x0000000008004624       0x14 modules/custom_app/drivers/blink/lib..__..__custom_app__drivers__blink.a(gpio_led.c.obj)
 .text.blink_gpio_led_on_timer_expire
                0x0000000008004638        0xc modules/custom_app/drivers/blink/lib..__..__custom_app__drivers__blink.a(gpio_led.c.obj)
 .text.blink_gpio_led_set_period_ms
                0x0000000008004644       0x36 modules/custom_app/drivers/blink/lib..__..__custom_app__drivers__blink.a(gpio_led.c.obj)
 .text.z_impl_gpio_pin_configure
                0x000000000800467a       0x50 modules/custom_app/drivers/sensor/example_sensor/lib..__..__custom_app__drivers__sensor__example_sensor.a(example_sensor.c.obj)
 .text.gpio_pin_configure_dt
                0x00000000080046ca       0x16 modules/custom_app/drivers/sensor/example_sensor/lib..__..__custom_app__drivers__sensor__example_sensor.a(example_sensor.c.obj)
 .text.gpio_port_get
                0x00000000080046e0       0x18 modules/custom_app/drivers/sensor/example_sensor/lib..__..__custom_app__drivers__sensor__example_sensor.a(example_sensor.c.obj)
 .text.gpio_pin_get
                0x00000000080046f8       0x20 modules/custom_app/drivers/sensor/example_sensor/lib..__..__custom_app__drivers__sensor__example_sensor.a(example_sensor.c.obj)
 .text.example_sensor_sample_fetch
                0x0000000008004718       0x14 modules/custom_app/drivers/sensor/example_sensor/lib..__..__custom_app__drivers__sensor__example_sensor.a(example_sensor.c.obj)
 .text.example_sensor_channel_get
                0x000000000800472c       0x14 modules/custom_app/drivers/sensor/example_sensor/lib..__..__custom_app__drivers__sensor__example_sensor.a(example_sensor.c.obj)
 .text.example_sensor_init
                0x0000000008004740       0x24 modules/custom_app/drivers/sensor/example_sensor/lib..__..__custom_app__drivers__sensor__example_sensor.a(example_sensor.c.obj)
 .text.do_device_init
                0x0000000008004764       0x32 zephyr/kernel/libkernel.a(device.c.obj)
                0x0000000008004764                do_device_init
 .text.z_impl_device_is_ready
                0x0000000008004796       0x20 zephyr/kernel/libkernel.a(device.c.obj)
                0x0000000008004796                z_impl_device_is_ready
 .text.arch_system_halt
                0x00000000080047b6       0x10 zephyr/kernel/libkernel.a(fatal.c.obj)
                0x00000000080047b6                arch_system_halt
 .text.k_sys_fatal_error_handler
                0x00000000080047c6        0x6 zephyr/kernel/libkernel.a(fatal.c.obj)
                0x00000000080047c6                k_sys_fatal_error_handler
 .text.idle     0x00000000080047cc       0x16 zephyr/kernel/libkernel.a(idle.c.obj)
                0x00000000080047cc                idle
 .text.arch_spin_relax
                0x00000000080047e2        0x4 zephyr/kernel/libkernel.a(idle.c.obj)
                0x00000000080047e2                arch_spin_relax
 .text.setup_thread_stack
                0x00000000080047e6       0x4c zephyr/kernel/libkernel.a(thread.c.obj)
 .text.z_init_thread_base
                0x0000000008004832       0x16 zephyr/kernel/libkernel.a(thread.c.obj)
                0x0000000008004832                z_init_thread_base
 .text.thread_active_elsewhere
                0x0000000008004848        0x4 zephyr/kernel/libkernel.a(sched.c.obj)
 .text.add_to_waitq_locked
                0x000000000800484c       0x64 zephyr/kernel/libkernel.a(sched.c.obj)
 .text.z_abort_thread_timeout
                0x00000000080048b0        0xa zephyr/kernel/libkernel.a(sched.c.obj)
 .text.unpend_all
                0x00000000080048ba       0x46 zephyr/kernel/libkernel.a(sched.c.obj)
 .text.z_ready_thread
                0x0000000008004900       0x36 zephyr/kernel/libkernel.a(sched.c.obj)
                0x0000000008004900                z_ready_thread
 .text.z_unpend_thread_no_timeout
                0x0000000008004936       0x40 zephyr/kernel/libkernel.a(sched.c.obj)
                0x0000000008004936                z_unpend_thread_no_timeout
 .text.z_sched_wake_thread
                0x0000000008004976       0x5a zephyr/kernel/libkernel.a(sched.c.obj)
                0x0000000008004976                z_sched_wake_thread
 .text.z_thread_timeout
                0x00000000080049d0        0xc zephyr/kernel/libkernel.a(sched.c.obj)
                0x00000000080049d0                z_thread_timeout
 .text.z_unpend1_no_timeout
                0x00000000080049dc       0x4a zephyr/kernel/libkernel.a(sched.c.obj)
                0x00000000080049dc                z_unpend1_no_timeout
 .text.z_reschedule_unlocked
                0x0000000008004a26       0x16 zephyr/kernel/libkernel.a(sched.c.obj)
 .text.init_ready_q
                0x0000000008004a3c        0x8 zephyr/kernel/libkernel.a(sched.c.obj)
                0x0000000008004a3c                init_ready_q
 .text.remove_timeout
                0x0000000008004a44       0x2e zephyr/kernel/libkernel.a(timeout.c.obj)
 .text.next_timeout
                0x0000000008004a72       0x36 zephyr/kernel/libkernel.a(timeout.c.obj)
 .text.z_abort_timeout
                0x0000000008004aa8       0x5e zephyr/kernel/libkernel.a(timeout.c.obj)
                0x0000000008004aa8                z_abort_timeout
 .text.sys_clock_tick_get_32
                0x0000000008004b06        0x8 zephyr/kernel/libkernel.a(timeout.c.obj)
                0x0000000008004b06                sys_clock_tick_get_32
 .text.z_impl_k_uptime_ticks
                0x0000000008004b0e        0x8 zephyr/kernel/libkernel.a(timeout.c.obj)
                0x0000000008004b0e                z_impl_k_uptime_ticks
 .text.z_reschedule_unlocked
                0x0000000008004b16       0x16 zephyr/kernel/libkernel.a(timer.c.obj)
 .text.k_timer_init
                0x0000000008004b2c       0x18 zephyr/kernel/libkernel.a(timer.c.obj)
                0x0000000008004b2c                k_timer_init
 .text.z_impl_k_timer_stop
                0x0000000008004b44       0x26 zephyr/kernel/libkernel.a(timer.c.obj)
                0x0000000008004b44                z_impl_k_timer_stop
 .text.memcpy   0x0000000008004b6a       0x1c /Users/wangbo/.zephyr_ide/toolchains/zephyr-sdk-0.17.4/arm-zephyr-eabi/bin/../lib/gcc/../../picolibc/arm-zephyr-eabi/lib/thumb/v7e-m/nofp/libc.a(memcpy.c.o)
                0x0000000008004b6a                memcpy
                0x0000000008004b6a                __aeabi_memcpy
                0x0000000008004b6a                __aeabi_memcpy4
                0x0000000008004b6a                __aeabi_memcpy8
 .text.memset   0x0000000008004b86       0x10 /Users/wangbo/.zephyr_ide/toolchains/zephyr-sdk-0.17.4/arm-zephyr-eabi/bin/../lib/gcc/../../picolibc/arm-zephyr-eabi/lib/thumb/v7e-m/nofp/libc.a(memset.c.o)
                0x0000000008004b86                memset
 .text.strncpy  0x0000000008004b96       0x20 /Users/wangbo/.zephyr_ide/toolchains/zephyr-sdk-0.17.4/arm-zephyr-eabi/bin/../lib/gcc/../../picolibc/arm-zephyr-eabi/lib/thumb/v7e-m/nofp/libc.a(libc_string_strncpy.c.o)
                0x0000000008004b96                strncpy
 .text.strnlen  0x0000000008004bb6       0x18 /Users/wangbo/.zephyr_ide/toolchains/zephyr-sdk-0.17.4/arm-zephyr-eabi/bin/../lib/gcc/../../picolibc/arm-zephyr-eabi/lib/thumb/v7e-m/nofp/libc.a(libc_string_strnlen.c.o)
                0x0000000008004bb6                strnlen
 .text.__ultoa_invert
                0x0000000008004bce       0xae /Users/wangbo/.zephyr_ide/toolchains/zephyr-sdk-0.17.4/arm-zephyr-eabi/bin/../lib/gcc/../../picolibc/arm-zephyr-eabi/lib/thumb/v7e-m/nofp/libc.a(libc_tinystdio_vflprintf.c.o)
 *(SORT_BY_ALIGNMENT(.TEXT.*))
 .TEXT.__aeabi_read_tp
                0x0000000008004c7c        0xc zephyr/arch/arch/arm/core/cortex_m/libarch__arm__core__cortex_m.a(__aeabi_read_tp.S.obj)
                0x0000000008004c7c                __aeabi_read_tp
 *(SORT_BY_ALIGNMENT(.gnu.linkonce.t.*))
 *(SORT_BY_ALIGNMENT(.glue_7t))
 .glue_7t       0x0000000008004c88        0x0 linker stubs
 *(SORT_BY_ALIGNMENT(.glue_7))
 .glue_7        0x0000000008004c88        0x0 linker stubs
 *(SORT_BY_ALIGNMENT(.vfp11_veneer))
 .vfp11_veneer  0x0000000008004c88        0x0 linker stubs
 *(SORT_BY_ALIGNMENT(.v4_bx))
 .v4_bx         0x0000000008004c88        0x0 linker stubs
                0x0000000008004c88                . = ALIGN (0x4)
                0x0000000008004c88                __text_region_end = .

.ARM.exidx      0x0000000008004c88        0x0
                0x0000000008004c88                __exidx_start = .
 *(SORT_BY_ALIGNMENT(.ARM.exidx*) SORT_BY_ALIGNMENT(gnu.linkonce.armexidx.*))
                0x0000000008004c88                __exidx_end = .
                0x0000000008004c88                __rodata_region_start = .

initlevel       0x0000000008004c88       0x98
                0x0000000008004c88                __init_start = .
                0x0000000008004c88                __init_EARLY_start = .
 *(SORT_BY_NAME(SORT_BY_ALIGNMENT(.z_init_EARLY_P_?_*)))
 *(SORT_BY_NAME(SORT_BY_ALIGNMENT(.z_init_EARLY_P_??_*)))
 *(SORT_BY_NAME(SORT_BY_ALIGNMENT(.z_init_EARLY_P_???_*)))
                0x0000000008004c88                __init_PRE_KERNEL_1_start = .
 *(SORT_BY_NAME(SORT_BY_ALIGNMENT(.z_init_PRE_KERNEL_1_P_?_*)))
 .z_init_PRE_KERNEL_1_P_1_SUB_00007_
                0x0000000008004c88        0x8 zephyr/drivers/clock_control/libdrivers__clock_control.a(clock_stm32_ll_common.c.obj)
 .z_init_PRE_KERNEL_1_P_1_SUB_0_
                0x0000000008004c90        0x8 zephyr/libzephyr.a(soc_config.c.obj)
 *(SORT_BY_NAME(SORT_BY_ALIGNMENT(.z_init_PRE_KERNEL_1_P_??_*)))
 .z_init_PRE_KERNEL_1_P_35_SUB_00066_
                0x0000000008004c98        0x8 zephyr/drivers/reset/libdrivers__reset.a(reset_stm32.c.obj)
 .z_init_PRE_KERNEL_1_P_40_SUB_00008_
                0x0000000008004ca0        0x8 zephyr/drivers/gpio/libdrivers__gpio.a(gpio_stm32.c.obj)
 .z_init_PRE_KERNEL_1_P_40_SUB_00014_
                0x0000000008004ca8        0x8 zephyr/drivers/gpio/libdrivers__gpio.a(gpio_stm32.c.obj)
 .z_init_PRE_KERNEL_1_P_40_SUB_00038_
                0x0000000008004cb0        0x8 zephyr/drivers/gpio/libdrivers__gpio.a(gpio_stm32.c.obj)
 .z_init_PRE_KERNEL_1_P_40_SUB_00044_
                0x0000000008004cb8        0x8 zephyr/drivers/gpio/libdrivers__gpio.a(gpio_stm32.c.obj)
 .z_init_PRE_KERNEL_1_P_40_SUB_00056_
                0x0000000008004cc0        0x8 zephyr/drivers/interrupt_controller/libdrivers__interrupt_controller.a(intc_exti_stm32.c.obj)
 .z_init_PRE_KERNEL_1_P_40_SUB_00086_
                0x0000000008004cc8        0x8 zephyr/drivers/gpio/libdrivers__gpio.a(gpio_stm32.c.obj)
 .z_init_PRE_KERNEL_1_P_40_SUB_00087_
                0x0000000008004cd0        0x8 zephyr/drivers/gpio/libdrivers__gpio.a(gpio_stm32.c.obj)
 .z_init_PRE_KERNEL_1_P_40_SUB_00088_
                0x0000000008004cd8        0x8 zephyr/drivers/gpio/libdrivers__gpio.a(gpio_stm32.c.obj)
 .z_init_PRE_KERNEL_1_P_40_SUB_00089_
                0x0000000008004ce0        0x8 zephyr/drivers/gpio/libdrivers__gpio.a(gpio_stm32.c.obj)
 .z_init_PRE_KERNEL_1_P_40_SUB_0_
                0x0000000008004ce8        0x8 zephyr/drivers/interrupt_controller/libdrivers__interrupt_controller.a(intc_gpio_stm32.c.obj)
 .z_init_PRE_KERNEL_1_P_50_SUB_00075_
                0x0000000008004cf0        0x8 zephyr/drivers/serial/libdrivers__serial.a(uart_stm32.c.obj)
 .z_init_PRE_KERNEL_1_P_60_SUB_0_
                0x0000000008004cf8        0x8 zephyr/drivers/console/libdrivers__console.a(uart_console.c.obj)
 *(SORT_BY_NAME(SORT_BY_ALIGNMENT(.z_init_PRE_KERNEL_1_P_???_*)))
                0x0000000008004d00                __init_PRE_KERNEL_2_start = .
 *(SORT_BY_NAME(SORT_BY_ALIGNMENT(.z_init_PRE_KERNEL_2_P_?_*)))
 .z_init_PRE_KERNEL_2_P_0_SUB_0_
                0x0000000008004d00        0x8 zephyr/drivers/timer/libdrivers__timer.a(cortex_m_systick.c.obj)
 *(SORT_BY_NAME(SORT_BY_ALIGNMENT(.z_init_PRE_KERNEL_2_P_??_*)))
 *(SORT_BY_NAME(SORT_BY_ALIGNMENT(.z_init_PRE_KERNEL_2_P_???_*)))
                0x0000000008004d08                __init_POST_KERNEL_start = .
 *(SORT_BY_NAME(SORT_BY_ALIGNMENT(.z_init_POST_KERNEL_P_?_*)))
 *(SORT_BY_NAME(SORT_BY_ALIGNMENT(.z_init_POST_KERNEL_P_??_*)))
 .z_init_POST_KERNEL_P_35_SUB_0_
                0x0000000008004d08        0x8 zephyr/lib/libc/common/liblib__libc__common.a(malloc.c.obj)
 .z_init_POST_KERNEL_P_50_SUB_00009_
                0x0000000008004d10        0x8 modules/custom_app/drivers/blink/lib..__..__custom_app__drivers__blink.a(gpio_led.c.obj)
 .z_init_POST_KERNEL_P_90_SUB_00015_
                0x0000000008004d18        0x8 modules/custom_app/drivers/sensor/example_sensor/lib..__..__custom_app__drivers__sensor__example_sensor.a(example_sensor.c.obj)
 *(SORT_BY_NAME(SORT_BY_ALIGNMENT(.z_init_POST_KERNEL_P_???_*)))
                0x0000000008004d20                __init_APPLICATION_start = .
 *(SORT_BY_NAME(SORT_BY_ALIGNMENT(.z_init_APPLICATION_P_?_*)))
 *(SORT_BY_NAME(SORT_BY_ALIGNMENT(.z_init_APPLICATION_P_??_*)))
 *(SORT_BY_NAME(SORT_BY_ALIGNMENT(.z_init_APPLICATION_P_???_*)))
                0x0000000008004d20                __init_SMP_start = .
 *(SORT_BY_NAME(SORT_BY_ALIGNMENT(.z_init_SMP_P_?_*)))
 *(SORT_BY_NAME(SORT_BY_ALIGNMENT(.z_init_SMP_P_??_*)))
 *(SORT_BY_NAME(SORT_BY_ALIGNMENT(.z_init_SMP_P_???_*)))
                0x0000000008004d20                __init_end = .

device_area     0x0000000008004d20      0x1c0
                0x0000000008004d20                _device_list_start = .
 *(SORT_BY_NAME(SORT_BY_ALIGNMENT(._device.static.*_?_*)))
 ._device.static.1_1_
                0x0000000008004d20       0x20 zephyr/drivers/clock_control/libdrivers__clock_control.a(clock_stm32_ll_common.c.obj)
                0x0000000008004d20                __device_dts_ord_7
 *(SORT_BY_NAME(SORT_BY_ALIGNMENT(._device.static.*_??_*)))
 ._device.static.1_35_
                0x0000000008004d40       0x20 zephyr/drivers/reset/libdrivers__reset.a(reset_stm32.c.obj)
                0x0000000008004d40                __device_dts_ord_66
 ._device.static.1_40_
                0x0000000008004d60       0x20 zephyr/drivers/interrupt_controller/libdrivers__interrupt_controller.a(intc_exti_stm32.c.obj)
                0x0000000008004d60                __device_dts_ord_56
 ._device.static.1_40_
                0x0000000008004d80      0x100 zephyr/drivers/gpio/libdrivers__gpio.a(gpio_stm32.c.obj)
                0x0000000008004d80                __device_dts_ord_89
                0x0000000008004da0                __device_dts_ord_88
                0x0000000008004dc0                __device_dts_ord_87
                0x0000000008004de0                __device_dts_ord_44
                0x0000000008004e00                __device_dts_ord_38
                0x0000000008004e20                __device_dts_ord_14
                0x0000000008004e40                __device_dts_ord_8
                0x0000000008004e60                __device_dts_ord_86
 ._device.static.1_50_
                0x0000000008004e80       0x20 zephyr/drivers/serial/libdrivers__serial.a(uart_stm32.c.obj)
                0x0000000008004e80                __device_dts_ord_75
 ._device.static.3_50_
                0x0000000008004ea0       0x20 modules/custom_app/drivers/blink/lib..__..__custom_app__drivers__blink.a(gpio_led.c.obj)
                0x0000000008004ea0                __device_dts_ord_9
 ._device.static.3_90_
                0x0000000008004ec0       0x20 modules/custom_app/drivers/sensor/example_sensor/lib..__..__custom_app__drivers__sensor__example_sensor.a(example_sensor.c.obj)
                0x0000000008004ec0                __device_dts_ord_15
 *(SORT_BY_NAME(SORT_BY_ALIGNMENT(._device.static.*_???_*)))
 *(SORT_BY_NAME(SORT_BY_ALIGNMENT(._device.static.*_????_*)))
 *(SORT_BY_NAME(SORT_BY_ALIGNMENT(._device.static.*_?????_*)))
                0x0000000008004ee0                _device_list_end = .

sw_isr_table    0x0000000008004ee0      0x290
                0x0000000008004ee0                . = ALIGN (0x4)
 *(SORT_BY_ALIGNMENT(.gnu.linkonce.sw_isr_table*))
 .gnu.linkonce.sw_isr_table
                0x0000000008004ee0      0x290 zephyr/CMakeFiles/zephyr_final.dir/isr_tables.c.obj
                0x0000000008004ee0                _sw_isr_table

initlevel_error
                0x0000000008004c88        0x0
 *(SORT_BY_NAME(SORT_BY_ALIGNMENT(.z_init_*)))
                0x0000000000000001                ASSERT ((SIZEOF (initlevel_error) == 0x0), Undefined initialization levels used.)

app_shmem_regions
                0x0000000008005170        0x0
                0x0000000008005170                __app_shmem_regions_start = .
 *(SORT_BY_NAME(SORT_BY_ALIGNMENT(.app_regions.*)))
                0x0000000008005170                __app_shmem_regions_end = .

k_p4wq_initparam_area
                0x0000000008005170        0x0
                0x0000000008005170                _k_p4wq_initparam_list_start = .
 *(SORT_BY_NAME(SORT_BY_ALIGNMENT(._k_p4wq_initparam.static.*)))
                0x0000000008005170                _k_p4wq_initparam_list_end = .

_static_thread_data_area
                0x0000000008005170        0x0
                0x0000000008005170                __static_thread_data_list_start = .
 *(SORT_BY_NAME(SORT_BY_ALIGNMENT(.__static_thread_data.static.*)))
                0x0000000008005170                __static_thread_data_list_end = .

device_deps     0x0000000008005170        0x0
                0x0000000008005170                __device_deps_start = .
 *(SORT_BY_NAME(SORT_BY_ALIGNMENT(.__device_deps_pass2*)))
                0x0000000008005170                __device_deps_end = .

gpio_driver_api_area
                0x0000000008005170       0x24
                0x0000000008005170                _gpio_driver_api_list_start = .
 *(SORT_BY_NAME(SORT_BY_ALIGNMENT(._gpio_driver_api.static.*)))
 ._gpio_driver_api.static.gpio_stm32_driver_
                0x0000000008005170       0x24 zephyr/drivers/gpio/libdrivers__gpio.a(gpio_stm32.c.obj)
                0x0000000008005194                _gpio_driver_api_list_end = .

reset_driver_api_area
                0x0000000008005194       0x10
                0x0000000008005194                _reset_driver_api_list_start = .
 *(SORT_BY_NAME(SORT_BY_ALIGNMENT(._reset_driver_api.static.*)))
 ._reset_driver_api.static.reset_stm32_driver_api_
                0x0000000008005194       0x10 zephyr/drivers/reset/libdrivers__reset.a(reset_stm32.c.obj)
                0x00000000080051a4                _reset_driver_api_list_end = .

sensor_driver_api_area
                0x00000000080051a4       0x1c
                0x00000000080051a4                _sensor_driver_api_list_start = .
 *(SORT_BY_NAME(SORT_BY_ALIGNMENT(._sensor_driver_api.static.*)))
 ._sensor_driver_api.static.example_sensor_api_
                0x00000000080051a4       0x1c modules/custom_app/drivers/sensor/example_sensor/lib..__..__custom_app__drivers__sensor__example_sensor.a(example_sensor.c.obj)
                0x00000000080051c0                _sensor_driver_api_list_end = .

blink_driver_api_area
                0x00000000080051c0        0x4
                0x00000000080051c0                _blink_driver_api_list_start = .
 *(SORT_BY_NAME(SORT_BY_ALIGNMENT(._blink_driver_api.static.*)))
 ._blink_driver_api.static.blink_gpio_led_api_
                0x00000000080051c0        0x4 modules/custom_app/drivers/blink/lib..__..__custom_app__drivers__blink.a(gpio_led.c.obj)
                0x00000000080051c4                _blink_driver_api_list_end = .

shared_irq_driver_api_area
                0x00000000080051c4        0x0
                0x00000000080051c4                _shared_irq_driver_api_list_start = .
 *(SORT_BY_NAME(SORT_BY_ALIGNMENT(._shared_irq_driver_api.static.*)))
                0x00000000080051c4                _shared_irq_driver_api_list_end = .

crypto_driver_api_area
                0x00000000080051c4        0x0
                0x00000000080051c4                _crypto_driver_api_list_start = .
 *(SORT_BY_NAME(SORT_BY_ALIGNMENT(._crypto_driver_api.static.*)))
                0x00000000080051c4                _crypto_driver_api_list_end = .

adc_driver_api_area
                0x00000000080051c4        0x0
                0x00000000080051c4                _adc_driver_api_list_start = .
 *(SORT_BY_NAME(SORT_BY_ALIGNMENT(._adc_driver_api.static.*)))
                0x00000000080051c4                _adc_driver_api_list_end = .

auxdisplay_driver_api_area
                0x00000000080051c4        0x0
                0x00000000080051c4                _auxdisplay_driver_api_list_start = .
 *(SORT_BY_NAME(SORT_BY_ALIGNMENT(._auxdisplay_driver_api.static.*)))
                0x00000000080051c4                _auxdisplay_driver_api_list_end = .

bbram_driver_api_area
                0x00000000080051c4        0x0
                0x00000000080051c4                _bbram_driver_api_list_start = .
 *(SORT_BY_NAME(SORT_BY_ALIGNMENT(._bbram_driver_api.static.*)))
                0x00000000080051c4                _bbram_driver_api_list_end = .

bt_hci_driver_api_area
                0x00000000080051c4        0x0
                0x00000000080051c4                _bt_hci_driver_api_list_start = .
 *(SORT_BY_NAME(SORT_BY_ALIGNMENT(._bt_hci_driver_api.static.*)))
                0x00000000080051c4                _bt_hci_driver_api_list_end = .

can_driver_api_area
                0x00000000080051c4        0x0
                0x00000000080051c4                _can_driver_api_list_start = .
 *(SORT_BY_NAME(SORT_BY_ALIGNMENT(._can_driver_api.static.*)))
                0x00000000080051c4                _can_driver_api_list_end = .

cellular_driver_api_area
                0x00000000080051c4        0x0
                0x00000000080051c4                _cellular_driver_api_list_start = .
 *(SORT_BY_NAME(SORT_BY_ALIGNMENT(._cellular_driver_api.static.*)))
                0x00000000080051c4                _cellular_driver_api_list_end = .

charger_driver_api_area
                0x00000000080051c4        0x0
                0x00000000080051c4                _charger_driver_api_list_start = .
 *(SORT_BY_NAME(SORT_BY_ALIGNMENT(._charger_driver_api.static.*)))
                0x00000000080051c4                _charger_driver_api_list_end = .

clock_control_driver_api_area
                0x00000000080051c4       0x1c
                0x00000000080051c4                _clock_control_driver_api_list_start = .
 *(SORT_BY_NAME(SORT_BY_ALIGNMENT(._clock_control_driver_api.static.*)))
 ._clock_control_driver_api.static.stm32_clock_control_api_
                0x00000000080051c4       0x1c zephyr/drivers/clock_control/libdrivers__clock_control.a(clock_stm32_ll_common.c.obj)
                0x00000000080051e0                _clock_control_driver_api_list_end = .

comparator_driver_api_area
                0x00000000080051e0        0x0
                0x00000000080051e0                _comparator_driver_api_list_start = .
 *(SORT_BY_NAME(SORT_BY_ALIGNMENT(._comparator_driver_api.static.*)))
                0x00000000080051e0                _comparator_driver_api_list_end = .

coredump_driver_api_area
                0x00000000080051e0        0x0
                0x00000000080051e0                _coredump_driver_api_list_start = .
 *(SORT_BY_NAME(SORT_BY_ALIGNMENT(._coredump_driver_api.static.*)))
                0x00000000080051e0                _coredump_driver_api_list_end = .

counter_driver_api_area
                0x00000000080051e0        0x0
                0x00000000080051e0                _counter_driver_api_list_start = .
 *(SORT_BY_NAME(SORT_BY_ALIGNMENT(._counter_driver_api.static.*)))
                0x00000000080051e0                _counter_driver_api_list_end = .

crc_driver_api_area
                0x00000000080051e0        0x0
                0x00000000080051e0                _crc_driver_api_list_start = .
 *(SORT_BY_NAME(SORT_BY_ALIGNMENT(._crc_driver_api.static.*)))
                0x00000000080051e0                _crc_driver_api_list_end = .

dac_driver_api_area
                0x00000000080051e0        0x0
                0x00000000080051e0                _dac_driver_api_list_start = .
 *(SORT_BY_NAME(SORT_BY_ALIGNMENT(._dac_driver_api.static.*)))
                0x00000000080051e0                _dac_driver_api_list_end = .

dai_driver_api_area
                0x00000000080051e0        0x0
                0x00000000080051e0                _dai_driver_api_list_start = .
 *(SORT_BY_NAME(SORT_BY_ALIGNMENT(._dai_driver_api.static.*)))
                0x00000000080051e0                _dai_driver_api_list_end = .

display_driver_api_area
                0x00000000080051e0        0x0
                0x00000000080051e0                _display_driver_api_list_start = .
 *(SORT_BY_NAME(SORT_BY_ALIGNMENT(._display_driver_api.static.*)))
                0x00000000080051e0                _display_driver_api_list_end = .

dma_driver_api_area
                0x00000000080051e0        0x0
                0x00000000080051e0                _dma_driver_api_list_start = .
 *(SORT_BY_NAME(SORT_BY_ALIGNMENT(._dma_driver_api.static.*)))
                0x00000000080051e0                _dma_driver_api_list_end = .

edac_driver_api_area
                0x00000000080051e0        0x0
                0x00000000080051e0                _edac_driver_api_list_start = .
 *(SORT_BY_NAME(SORT_BY_ALIGNMENT(._edac_driver_api.static.*)))
                0x00000000080051e0                _edac_driver_api_list_end = .

eeprom_driver_api_area
                0x00000000080051e0        0x0
                0x00000000080051e0                _eeprom_driver_api_list_start = .
 *(SORT_BY_NAME(SORT_BY_ALIGNMENT(._eeprom_driver_api.static.*)))
                0x00000000080051e0                _eeprom_driver_api_list_end = .

emul_bbram_driver_api_area
                0x00000000080051e0        0x0
                0x00000000080051e0                _emul_bbram_driver_api_list_start = .
 *(SORT_BY_NAME(SORT_BY_ALIGNMENT(._emul_bbram_driver_api.static.*)))
                0x00000000080051e0                _emul_bbram_driver_api_list_end = .

fuel_gauge_emul_driver_api_area
                0x00000000080051e0        0x0
                0x00000000080051e0                _fuel_gauge_emul_driver_api_list_start = .
 *(SORT_BY_NAME(SORT_BY_ALIGNMENT(._fuel_gauge_emul_driver_api.static.*)))
                0x00000000080051e0                _fuel_gauge_emul_driver_api_list_end = .

emul_sensor_driver_api_area
                0x00000000080051e0        0x0
                0x00000000080051e0                _emul_sensor_driver_api_list_start = .
 *(SORT_BY_NAME(SORT_BY_ALIGNMENT(._emul_sensor_driver_api.static.*)))
                0x00000000080051e0                _emul_sensor_driver_api_list_end = .

entropy_driver_api_area
                0x00000000080051e0        0x0
                0x00000000080051e0                _entropy_driver_api_list_start = .
 *(SORT_BY_NAME(SORT_BY_ALIGNMENT(._entropy_driver_api.static.*)))
                0x00000000080051e0                _entropy_driver_api_list_end = .

espi_driver_api_area
                0x00000000080051e0        0x0
                0x00000000080051e0                _espi_driver_api_list_start = .
 *(SORT_BY_NAME(SORT_BY_ALIGNMENT(._espi_driver_api.static.*)))
                0x00000000080051e0                _espi_driver_api_list_end = .

espi_saf_driver_api_area
                0x00000000080051e0        0x0
                0x00000000080051e0                _espi_saf_driver_api_list_start = .
 *(SORT_BY_NAME(SORT_BY_ALIGNMENT(._espi_saf_driver_api.static.*)))
                0x00000000080051e0                _espi_saf_driver_api_list_end = .

flash_driver_api_area
                0x00000000080051e0        0x0
                0x00000000080051e0                _flash_driver_api_list_start = .
 *(SORT_BY_NAME(SORT_BY_ALIGNMENT(._flash_driver_api.static.*)))
                0x00000000080051e0                _flash_driver_api_list_end = .

fpga_driver_api_area
                0x00000000080051e0        0x0
                0x00000000080051e0                _fpga_driver_api_list_start = .
 *(SORT_BY_NAME(SORT_BY_ALIGNMENT(._fpga_driver_api.static.*)))
                0x00000000080051e0                _fpga_driver_api_list_end = .

fuel_gauge_driver_api_area
                0x00000000080051e0        0x0
                0x00000000080051e0                _fuel_gauge_driver_api_list_start = .
 *(SORT_BY_NAME(SORT_BY_ALIGNMENT(._fuel_gauge_driver_api.static.*)))
                0x00000000080051e0                _fuel_gauge_driver_api_list_end = .

gnss_driver_api_area
                0x00000000080051e0        0x0
                0x00000000080051e0                _gnss_driver_api_list_start = .
 *(SORT_BY_NAME(SORT_BY_ALIGNMENT(._gnss_driver_api.static.*)))
                0x00000000080051e0                _gnss_driver_api_list_end = .

haptics_driver_api_area
                0x00000000080051e0        0x0
                0x00000000080051e0                _haptics_driver_api_list_start = .
 *(SORT_BY_NAME(SORT_BY_ALIGNMENT(._haptics_driver_api.static.*)))
                0x00000000080051e0                _haptics_driver_api_list_end = .

hwspinlock_driver_api_area
                0x00000000080051e0        0x0
                0x00000000080051e0                _hwspinlock_driver_api_list_start = .
 *(SORT_BY_NAME(SORT_BY_ALIGNMENT(._hwspinlock_driver_api.static.*)))
                0x00000000080051e0                _hwspinlock_driver_api_list_end = .

i2c_driver_api_area
                0x00000000080051e0        0x0
                0x00000000080051e0                _i2c_driver_api_list_start = .
 *(SORT_BY_NAME(SORT_BY_ALIGNMENT(._i2c_driver_api.static.*)))
                0x00000000080051e0                _i2c_driver_api_list_end = .

i2c_target_driver_api_area
                0x00000000080051e0        0x0
                0x00000000080051e0                _i2c_target_driver_api_list_start = .
 *(SORT_BY_NAME(SORT_BY_ALIGNMENT(._i2c_target_driver_api.static.*)))
                0x00000000080051e0                _i2c_target_driver_api_list_end = .

i2s_driver_api_area
                0x00000000080051e0        0x0
                0x00000000080051e0                _i2s_driver_api_list_start = .
 *(SORT_BY_NAME(SORT_BY_ALIGNMENT(._i2s_driver_api.static.*)))
                0x00000000080051e0                _i2s_driver_api_list_end = .

i3c_driver_api_area
                0x00000000080051e0        0x0
                0x00000000080051e0                _i3c_driver_api_list_start = .
 *(SORT_BY_NAME(SORT_BY_ALIGNMENT(._i3c_driver_api.static.*)))
                0x00000000080051e0                _i3c_driver_api_list_end = .

ipm_driver_api_area
                0x00000000080051e0        0x0
                0x00000000080051e0                _ipm_driver_api_list_start = .
 *(SORT_BY_NAME(SORT_BY_ALIGNMENT(._ipm_driver_api.static.*)))
                0x00000000080051e0                _ipm_driver_api_list_end = .

led_driver_api_area
                0x00000000080051e0        0x0
                0x00000000080051e0                _led_driver_api_list_start = .
 *(SORT_BY_NAME(SORT_BY_ALIGNMENT(._led_driver_api.static.*)))
                0x00000000080051e0                _led_driver_api_list_end = .

led_strip_driver_api_area
                0x00000000080051e0        0x0
                0x00000000080051e0                _led_strip_driver_api_list_start = .
 *(SORT_BY_NAME(SORT_BY_ALIGNMENT(._led_strip_driver_api.static.*)))
                0x00000000080051e0                _led_strip_driver_api_list_end = .

lora_driver_api_area
                0x00000000080051e0        0x0
                0x00000000080051e0                _lora_driver_api_list_start = .
 *(SORT_BY_NAME(SORT_BY_ALIGNMENT(._lora_driver_api.static.*)))
                0x00000000080051e0                _lora_driver_api_list_end = .

mbox_driver_api_area
                0x00000000080051e0        0x0
                0x00000000080051e0                _mbox_driver_api_list_start = .
 *(SORT_BY_NAME(SORT_BY_ALIGNMENT(._mbox_driver_api.static.*)))
                0x00000000080051e0                _mbox_driver_api_list_end = .

mdio_driver_api_area
                0x00000000080051e0        0x0
                0x00000000080051e0                _mdio_driver_api_list_start = .
 *(SORT_BY_NAME(SORT_BY_ALIGNMENT(._mdio_driver_api.static.*)))
                0x00000000080051e0                _mdio_driver_api_list_end = .

mipi_dbi_driver_api_area
                0x00000000080051e0        0x0
                0x00000000080051e0                _mipi_dbi_driver_api_list_start = .
 *(SORT_BY_NAME(SORT_BY_ALIGNMENT(._mipi_dbi_driver_api.static.*)))
                0x00000000080051e0                _mipi_dbi_driver_api_list_end = .

mipi_dsi_driver_api_area
                0x00000000080051e0        0x0
                0x00000000080051e0                _mipi_dsi_driver_api_list_start = .
 *(SORT_BY_NAME(SORT_BY_ALIGNMENT(._mipi_dsi_driver_api.static.*)))
                0x00000000080051e0                _mipi_dsi_driver_api_list_end = .

mspi_driver_api_area
                0x00000000080051e0        0x0
                0x00000000080051e0                _mspi_driver_api_list_start = .
 *(SORT_BY_NAME(SORT_BY_ALIGNMENT(._mspi_driver_api.static.*)))
                0x00000000080051e0                _mspi_driver_api_list_end = .

opamp_driver_api_area
                0x00000000080051e0        0x0
                0x00000000080051e0                _opamp_driver_api_list_start = .
 *(SORT_BY_NAME(SORT_BY_ALIGNMENT(._opamp_driver_api.static.*)))
                0x00000000080051e0                _opamp_driver_api_list_end = .

peci_driver_api_area
                0x00000000080051e0        0x0
                0x00000000080051e0                _peci_driver_api_list_start = .
 *(SORT_BY_NAME(SORT_BY_ALIGNMENT(._peci_driver_api.static.*)))
                0x00000000080051e0                _peci_driver_api_list_end = .

ps2_driver_api_area
                0x00000000080051e0        0x0
                0x00000000080051e0                _ps2_driver_api_list_start = .
 *(SORT_BY_NAME(SORT_BY_ALIGNMENT(._ps2_driver_api.static.*)))
                0x00000000080051e0                _ps2_driver_api_list_end = .

ptp_clock_driver_api_area
                0x00000000080051e0        0x0
                0x00000000080051e0                _ptp_clock_driver_api_list_start = .
 *(SORT_BY_NAME(SORT_BY_ALIGNMENT(._ptp_clock_driver_api.static.*)))
                0x00000000080051e0                _ptp_clock_driver_api_list_end = .

pwm_driver_api_area
                0x00000000080051e0        0x0
                0x00000000080051e0                _pwm_driver_api_list_start = .
 *(SORT_BY_NAME(SORT_BY_ALIGNMENT(._pwm_driver_api.static.*)))
                0x00000000080051e0                _pwm_driver_api_list_end = .

regulator_parent_driver_api_area
                0x00000000080051e0        0x0
                0x00000000080051e0                _regulator_parent_driver_api_list_start = .
 *(SORT_BY_NAME(SORT_BY_ALIGNMENT(._regulator_parent_driver_api.static.*)))
                0x00000000080051e0                _regulator_parent_driver_api_list_end = .

regulator_driver_api_area
                0x00000000080051e0        0x0
                0x00000000080051e0                _regulator_driver_api_list_start = .
 *(SORT_BY_NAME(SORT_BY_ALIGNMENT(._regulator_driver_api.static.*)))
                0x00000000080051e0                _regulator_driver_api_list_end = .

retained_mem_driver_api_area
                0x00000000080051e0        0x0
                0x00000000080051e0                _retained_mem_driver_api_list_start = .
 *(SORT_BY_NAME(SORT_BY_ALIGNMENT(._retained_mem_driver_api.static.*)))
                0x00000000080051e0                _retained_mem_driver_api_list_end = .

rtc_driver_api_area
                0x00000000080051e0        0x0
                0x00000000080051e0                _rtc_driver_api_list_start = .
 *(SORT_BY_NAME(SORT_BY_ALIGNMENT(._rtc_driver_api.static.*)))
                0x00000000080051e0                _rtc_driver_api_list_end = .

sdhc_driver_api_area
                0x00000000080051e0        0x0
                0x00000000080051e0                _sdhc_driver_api_list_start = .
 *(SORT_BY_NAME(SORT_BY_ALIGNMENT(._sdhc_driver_api.static.*)))
                0x00000000080051e0                _sdhc_driver_api_list_end = .

smbus_driver_api_area
                0x00000000080051e0        0x0
                0x00000000080051e0                _smbus_driver_api_list_start = .
 *(SORT_BY_NAME(SORT_BY_ALIGNMENT(._smbus_driver_api.static.*)))
                0x00000000080051e0                _smbus_driver_api_list_end = .

spi_driver_api_area
                0x00000000080051e0        0x0
                0x00000000080051e0                _spi_driver_api_list_start = .
 *(SORT_BY_NAME(SORT_BY_ALIGNMENT(._spi_driver_api.static.*)))
                0x00000000080051e0                _spi_driver_api_list_end = .

stepper_driver_api_area
                0x00000000080051e0        0x0
                0x00000000080051e0                _stepper_driver_api_list_start = .
 *(SORT_BY_NAME(SORT_BY_ALIGNMENT(._stepper_driver_api.static.*)))
                0x00000000080051e0                _stepper_driver_api_list_end = .

syscon_driver_api_area
                0x00000000080051e0        0x0
                0x00000000080051e0                _syscon_driver_api_list_start = .
 *(SORT_BY_NAME(SORT_BY_ALIGNMENT(._syscon_driver_api.static.*)))
                0x00000000080051e0                _syscon_driver_api_list_end = .

tee_driver_api_area
                0x00000000080051e0        0x0
                0x00000000080051e0                _tee_driver_api_list_start = .
 *(SORT_BY_NAME(SORT_BY_ALIGNMENT(._tee_driver_api.static.*)))
                0x00000000080051e0                _tee_driver_api_list_end = .

video_driver_api_area
                0x00000000080051e0        0x0
                0x00000000080051e0                _video_driver_api_list_start = .
 *(SORT_BY_NAME(SORT_BY_ALIGNMENT(._video_driver_api.static.*)))
                0x00000000080051e0                _video_driver_api_list_end = .

virtio_driver_api_area
                0x00000000080051e0        0x0
                0x00000000080051e0                _virtio_driver_api_list_start = .
 *(SORT_BY_NAME(SORT_BY_ALIGNMENT(._virtio_driver_api.static.*)))
                0x00000000080051e0                _virtio_driver_api_list_end = .

w1_driver_api_area
                0x00000000080051e0        0x0
                0x00000000080051e0                _w1_driver_api_list_start = .
 *(SORT_BY_NAME(SORT_BY_ALIGNMENT(._w1_driver_api.static.*)))
                0x00000000080051e0                _w1_driver_api_list_end = .

wdt_driver_api_area
                0x00000000080051e0        0x0
                0x00000000080051e0                _wdt_driver_api_list_start = .
 *(SORT_BY_NAME(SORT_BY_ALIGNMENT(._wdt_driver_api.static.*)))
                0x00000000080051e0                _wdt_driver_api_list_end = .

can_transceiver_driver_api_area
                0x00000000080051e0        0x0
                0x00000000080051e0                _can_transceiver_driver_api_list_start = .
 *(SORT_BY_NAME(SORT_BY_ALIGNMENT(._can_transceiver_driver_api.static.*)))
                0x00000000080051e0                _can_transceiver_driver_api_list_end = .

nrf_clock_control_driver_api_area
                0x00000000080051e0        0x0
                0x00000000080051e0                _nrf_clock_control_driver_api_list_start = .
 *(SORT_BY_NAME(SORT_BY_ALIGNMENT(._nrf_clock_control_driver_api.static.*)))
                0x00000000080051e0                _nrf_clock_control_driver_api_list_end = .

i3c_target_driver_api_area
                0x00000000080051e0        0x0
                0x00000000080051e0                _i3c_target_driver_api_list_start = .
 *(SORT_BY_NAME(SORT_BY_ALIGNMENT(._i3c_target_driver_api.static.*)))
                0x00000000080051e0                _i3c_target_driver_api_list_end = .

its_driver_api_area
                0x00000000080051e0        0x0
                0x00000000080051e0                _its_driver_api_list_start = .
 *(SORT_BY_NAME(SORT_BY_ALIGNMENT(._its_driver_api.static.*)))
                0x00000000080051e0                _its_driver_api_list_end = .

vtd_driver_api_area
                0x00000000080051e0        0x0
                0x00000000080051e0                _vtd_driver_api_list_start = .
 *(SORT_BY_NAME(SORT_BY_ALIGNMENT(._vtd_driver_api.static.*)))
                0x00000000080051e0                _vtd_driver_api_list_end = .

renesas_elc_driver_api_area
                0x00000000080051e0        0x0
                0x00000000080051e0                _renesas_elc_driver_api_list_start = .
 *(SORT_BY_NAME(SORT_BY_ALIGNMENT(._renesas_elc_driver_api.static.*)))
                0x00000000080051e0                _renesas_elc_driver_api_list_end = .

tgpio_driver_api_area
                0x00000000080051e0        0x0
                0x00000000080051e0                _tgpio_driver_api_list_start = .
 *(SORT_BY_NAME(SORT_BY_ALIGNMENT(._tgpio_driver_api.static.*)))
                0x00000000080051e0                _tgpio_driver_api_list_end = .

pcie_ctrl_driver_api_area
                0x00000000080051e0        0x0
                0x00000000080051e0                _pcie_ctrl_driver_api_list_start = .
 *(SORT_BY_NAME(SORT_BY_ALIGNMENT(._pcie_ctrl_driver_api.static.*)))
                0x00000000080051e0                _pcie_ctrl_driver_api_list_end = .

pcie_ep_driver_api_area
                0x00000000080051e0        0x0
                0x00000000080051e0                _pcie_ep_driver_api_list_start = .
 *(SORT_BY_NAME(SORT_BY_ALIGNMENT(._pcie_ep_driver_api.static.*)))
                0x00000000080051e0                _pcie_ep_driver_api_list_end = .

psi5_driver_api_area
                0x00000000080051e0        0x0
                0x00000000080051e0                _psi5_driver_api_list_start = .
 *(SORT_BY_NAME(SORT_BY_ALIGNMENT(._psi5_driver_api.static.*)))
                0x00000000080051e0                _psi5_driver_api_list_end = .

sent_driver_api_area
                0x00000000080051e0        0x0
                0x00000000080051e0                _sent_driver_api_list_start = .
 *(SORT_BY_NAME(SORT_BY_ALIGNMENT(._sent_driver_api.static.*)))
                0x00000000080051e0                _sent_driver_api_list_end = .

svc_driver_api_area
                0x00000000080051e0        0x0
                0x00000000080051e0                _svc_driver_api_list_start = .
 *(SORT_BY_NAME(SORT_BY_ALIGNMENT(._svc_driver_api.static.*)))
                0x00000000080051e0                _svc_driver_api_list_end = .

uart_driver_api_area
                0x00000000080051e0       0x4c
                0x00000000080051e0                _uart_driver_api_list_start = .
 *(SORT_BY_NAME(SORT_BY_ALIGNMENT(._uart_driver_api.static.*)))
 ._uart_driver_api.static.uart_stm32_driver_api_
                0x00000000080051e0       0x4c zephyr/drivers/serial/libdrivers__serial.a(uart_stm32.c.obj)
                0x000000000800522c                _uart_driver_api_list_end = .

bc12_emul_driver_api_area
                0x000000000800522c        0x0
                0x000000000800522c                _bc12_emul_driver_api_list_start = .
 *(SORT_BY_NAME(SORT_BY_ALIGNMENT(._bc12_emul_driver_api.static.*)))
                0x000000000800522c                _bc12_emul_driver_api_list_end = .

bc12_driver_api_area
                0x000000000800522c        0x0
                0x000000000800522c                _bc12_driver_api_list_start = .
 *(SORT_BY_NAME(SORT_BY_ALIGNMENT(._bc12_driver_api.static.*)))
                0x000000000800522c                _bc12_driver_api_list_end = .

usbc_ppc_driver_api_area
                0x000000000800522c        0x0
                0x000000000800522c                _usbc_ppc_driver_api_list_start = .
 *(SORT_BY_NAME(SORT_BY_ALIGNMENT(._usbc_ppc_driver_api.static.*)))
                0x000000000800522c                _usbc_ppc_driver_api_list_end = .

tcpc_driver_api_area
                0x000000000800522c        0x0
                0x000000000800522c                _tcpc_driver_api_list_start = .
 *(SORT_BY_NAME(SORT_BY_ALIGNMENT(._tcpc_driver_api.static.*)))
                0x000000000800522c                _tcpc_driver_api_list_end = .

usbc_vbus_driver_api_area
                0x000000000800522c        0x0
                0x000000000800522c                _usbc_vbus_driver_api_list_start = .
 *(SORT_BY_NAME(SORT_BY_ALIGNMENT(._usbc_vbus_driver_api.static.*)))
                0x000000000800522c                _usbc_vbus_driver_api_list_end = .

ivshmem_driver_api_area
                0x000000000800522c        0x0
                0x000000000800522c                _ivshmem_driver_api_list_start = .
 *(SORT_BY_NAME(SORT_BY_ALIGNMENT(._ivshmem_driver_api.static.*)))
                0x000000000800522c                _ivshmem_driver_api_list_end = .

ethphy_driver_api_area
                0x000000000800522c        0x0
                0x000000000800522c                _ethphy_driver_api_list_start = .
 *(SORT_BY_NAME(SORT_BY_ALIGNMENT(._ethphy_driver_api.static.*)))
                0x000000000800522c                _ethphy_driver_api_list_end = .

ztest           0x000000000800522c        0x0
                0x000000000800522c                _ztest_expected_result_entry_list_start = .
 *(SORT_BY_NAME(SORT_BY_ALIGNMENT(._ztest_expected_result_entry.static.*)))
                0x000000000800522c                _ztest_expected_result_entry_list_end = .
                0x000000000800522c                _ztest_suite_node_list_start = .
 *(SORT_BY_NAME(SORT_BY_ALIGNMENT(._ztest_suite_node.static.*)))
                0x000000000800522c                _ztest_suite_node_list_end = .
                0x000000000800522c                _ztest_unit_test_list_start = .
 *(SORT_BY_NAME(SORT_BY_ALIGNMENT(._ztest_unit_test.static.*)))
                0x000000000800522c                _ztest_unit_test_list_end = .
                0x000000000800522c                _ztest_test_rule_list_start = .
 *(SORT_BY_NAME(SORT_BY_ALIGNMENT(._ztest_test_rule.static.*)))
                0x000000000800522c                _ztest_test_rule_list_end = .

init_array      0x000000000800522c        0x0
                0x000000000800522c                __zephyr_init_array_start = .
 *(SORT_BY_INIT_PRIORITY(.init_array.*) SORT_BY_INIT_PRIORITY(.ctors.*))
 *(SORT_BY_ALIGNMENT(.init_array) SORT_BY_ALIGNMENT(.ctors))
                0x000000000800522c                __zephyr_init_array_end = .
                0x0000000000000001                ASSERT ((__zephyr_init_array_start == __zephyr_init_array_end), GNU-style constructors required but STATIC_INIT_GNU not enabled)

bt_l2cap_fixed_chan_area
                0x000000000800522c        0x0
                0x000000000800522c                _bt_l2cap_fixed_chan_list_start = .
 *(SORT_BY_NAME(SORT_BY_ALIGNMENT(._bt_l2cap_fixed_chan.static.*)))
                0x000000000800522c                _bt_l2cap_fixed_chan_list_end = .

bt_gatt_service_static_area
                0x000000000800522c        0x0
                0x000000000800522c                _bt_gatt_service_static_list_start = .
 *(SORT_BY_NAME(SORT_BY_ALIGNMENT(._bt_gatt_service_static.static.*)))
                0x000000000800522c                _bt_gatt_service_static_list_end = .

log_strings_area
                0x000000000800522c        0x0
                0x000000000800522c                _log_strings_list_start = .
 *(SORT_BY_NAME(SORT_BY_ALIGNMENT(._log_strings.static.*)))
                0x000000000800522c                _log_strings_list_end = .

log_stmesp_ptr_area
                0x000000000800522c        0x0
                0x000000000800522c                _log_stmesp_ptr_list_start = .
 *(SORT_BY_NAME(SORT_BY_ALIGNMENT(._log_stmesp_ptr.static.*)))
                0x000000000800522c                _log_stmesp_ptr_list_end = .

log_stmesp_str_area
                0x000000000800522c        0x0
                0x000000000800522c                _log_stmesp_str_list_start = .
 *(SORT_BY_NAME(SORT_BY_ALIGNMENT(._log_stmesp_str.static.*)))
                0x000000000800522c                _log_stmesp_str_list_end = .

log_const_area  0x000000000800522c        0x0
                0x000000000800522c                _log_const_list_start = .
 *(SORT_BY_NAME(SORT_BY_ALIGNMENT(._log_const.static.*)))
                0x000000000800522c                _log_const_list_end = .

log_backend_area
                0x000000000800522c        0x0
                0x000000000800522c                _log_backend_list_start = .
 *(SORT_BY_NAME(SORT_BY_ALIGNMENT(._log_backend.static.*)))